Archive member included to satisfy reference by file (symbol)

/home/alpri/st/stm32cubeclt_1.21.0/GNU-tools-for-STM32/bin/../lib/gcc/arm-none-eabi/14.3.1/../../../../arm-none-eabi/lib/thumb/v7e-m+fp/hard/libc_nano.a(libc_a-exit.o)
                              /home/alpri/st/stm32cubeclt_1.21.0/GNU-tools-for-STM32/bin/../lib/gcc/arm-none-eabi/14.3.1/../../../../arm-none-eabi/lib/thumb/v7e-m+fp/hard/crt0.o (exit)
/home/alpri/st/stm32cubeclt_1.21.0/GNU-tools-for-STM32/bin/../lib/gcc/arm-none-eabi/14.3.1/../../../../arm-none-eabi/lib/thumb/v7e-m+fp/hard/libc_nano.a(libc_a-findfp.o)
                              /home/alpri/st/stm32cubeclt_1.21.0/GNU-tools-for-STM32/bin/../lib/gcc/arm-none-eabi/14.3.1/../../../../arm-none-eabi/lib/thumb/v7e-m+fp/hard/libc_nano.a(libc_a-exit.o) (__stdio_exit_handler)
/home/alpri/st/stm32cubeclt_1.21.0/GNU-tools-for-STM32/bin/../lib/gcc/arm-none-eabi/14.3.1/../../../../arm-none-eabi/lib/thumb/v7e-m+fp/hard/libc_nano.a(libc_a-fwalk.o)
                              /home/alpri/st/stm32cubeclt_1.21.0/GNU-tools-for-STM32/bin/../lib/gcc/arm-none-eabi/14.3.1/../../../../arm-none-eabi/lib/thumb/v7e-m+fp/hard/libc_nano.a(libc_a-findfp.o) (_fwalk_sglue)
/home/alpri/st/stm32cubeclt_1.21.0/GNU-tools-for-STM32/bin/../lib/gcc/arm-none-eabi/14.3.1/../../../../arm-none-eabi/lib/thumb/v7e-m+fp/hard/libc_nano.a(libc_a-snprintf.o)
                              build/ui_menu.o (snprintf)
/home/alpri/st/stm32cubeclt_1.21.0/GNU-tools-for-STM32/bin/../lib/gcc/arm-none-eabi/14.3.1/../../../../arm-none-eabi/lib/thumb/v7e-m+fp/hard/libc_nano.a(libc_a-stdio.o)
                              /home/alpri/st/stm32cubeclt_1.21.0/GNU-tools-for-STM32/bin/../lib/gcc/arm-none-eabi/14.3.1/../../../../arm-none-eabi/lib/thumb/v7e-m+fp/hard/libc_nano.a(libc_a-findfp.o) (__sread)
/home/alpri/st/stm32cubeclt_1.21.0/GNU-tools-for-STM32/bin/../lib/gcc/arm-none-eabi/14.3.1/../../../../arm-none-eabi/lib/thumb/v7e-m+fp/hard/libc_nano.a(libc_a-vsnprintf.o)
                              build/bsp_uart.o (vsnprintf)
/home/alpri/st/stm32cubeclt_1.21.0/GNU-tools-for-STM32/bin/../lib/gcc/arm-none-eabi/14.3.1/../../../../arm-none-eabi/lib/thumb/v7e-m+fp/hard/libc_nano.a(libc_a-memcmp.o)
                              build/bsp_ui_inputs.o (memcmp)
/home/alpri/st/stm32cubeclt_1.21.0/GNU-tools-for-STM32/bin/../lib/gcc/arm-none-eabi/14.3.1/../../../../arm-none-eabi/lib/thumb/v7e-m+fp/hard/libc_nano.a(libc_a-memset.o)
                              /home/alpri/st/stm32cubeclt_1.21.0/GNU-tools-for-STM32/bin/../lib/gcc/arm-none-eabi/14.3.1/../../../../arm-none-eabi/lib/thumb/v7e-m+fp/hard/crt0.o (memset)
/home/alpri/st/stm32cubeclt_1.21.0/GNU-tools-for-STM32/bin/../lib/gcc/arm-none-eabi/14.3.1/../../../../arm-none-eabi/lib/thumb/v7e-m+fp/hard/libc_nano.a(libc_a-closer.o)
                              /home/alpri/st/stm32cubeclt_1.21.0/GNU-tools-for-STM32/bin/../lib/gcc/arm-none-eabi/14.3.1/../../../../arm-none-eabi/lib/thumb/v7e-m+fp/hard/libc_nano.a(libc_a-stdio.o) (_close_r)
/home/alpri/st/stm32cubeclt_1.21.0/GNU-tools-for-STM32/bin/../lib/gcc/arm-none-eabi/14.3.1/../../../../arm-none-eabi/lib/thumb/v7e-m+fp/hard/libc_nano.a(libc_a-reent.o)
                              /home/alpri/st/stm32cubeclt_1.21.0/GNU-tools-for-STM32/bin/../lib/gcc/arm-none-eabi/14.3.1/../../../../arm-none-eabi/lib/thumb/v7e-m+fp/hard/libc_nano.a(libc_a-closer.o) (errno)
/home/alpri/st/stm32cubeclt_1.21.0/GNU-tools-for-STM32/bin/../lib/gcc/arm-none-eabi/14.3.1/../../../../arm-none-eabi/lib/thumb/v7e-m+fp/hard/libc_nano.a(libc_a-impure.o)
                              /home/alpri/st/stm32cubeclt_1.21.0/GNU-tools-for-STM32/bin/../lib/gcc/arm-none-eabi/14.3.1/../../../../arm-none-eabi/lib/thumb/v7e-m+fp/hard/libc_nano.a(libc_a-snprintf.o) (_impure_ptr)
/home/alpri/st/stm32cubeclt_1.21.0/GNU-tools-for-STM32/bin/../lib/gcc/arm-none-eabi/14.3.1/../../../../arm-none-eabi/lib/thumb/v7e-m+fp/hard/libc_nano.a(libc_a-lseekr.o)
                              /home/alpri/st/stm32cubeclt_1.21.0/GNU-tools-for-STM32/bin/../lib/gcc/arm-none-eabi/14.3.1/../../../../arm-none-eabi/lib/thumb/v7e-m+fp/hard/libc_nano.a(libc_a-stdio.o) (_lseek_r)
/home/alpri/st/stm32cubeclt_1.21.0/GNU-tools-for-STM32/bin/../lib/gcc/arm-none-eabi/14.3.1/../../../../arm-none-eabi/lib/thumb/v7e-m+fp/hard/libc_nano.a(libc_a-readr.o)
                              /home/alpri/st/stm32cubeclt_1.21.0/GNU-tools-for-STM32/bin/../lib/gcc/arm-none-eabi/14.3.1/../../../../arm-none-eabi/lib/thumb/v7e-m+fp/hard/libc_nano.a(libc_a-stdio.o) (_read_r)
/home/alpri/st/stm32cubeclt_1.21.0/GNU-tools-for-STM32/bin/../lib/gcc/arm-none-eabi/14.3.1/../../../../arm-none-eabi/lib/thumb/v7e-m+fp/hard/libc_nano.a(libc_a-writer.o)
                              /home/alpri/st/stm32cubeclt_1.21.0/GNU-tools-for-STM32/bin/../lib/gcc/arm-none-eabi/14.3.1/../../../../arm-none-eabi/lib/thumb/v7e-m+fp/hard/libc_nano.a(libc_a-stdio.o) (_write_r)
[...]
Memory Configuration

Name             Origin             Length             Attributes
RAM              0x20000000         0x00020000         xrw
FLASH            0x08000000         0x00080000         xr
*default*        0x00000000         0xffffffff

Linker script and memory map

LOAD /home/alpri/st/stm32cubeclt_1.21.0/GNU-tools-for-STM32/bin/../lib/gcc/arm-none-eabi/14.3.1/thumb/v7e-m+fp/hard/crti.o
LOAD /home/alpri/st/stm32cubeclt_1.21.0/GNU-tools-for-STM32/bin/../lib/gcc/arm-none-eabi/14.3.1/thumb/v7e-m+fp/hard/crtbegin.o
LOAD /home/alpri/st/stm32cubeclt_1.21.0/GNU-tools-for-STM32/bin/../lib/gcc/arm-none-eabi/14.3.1/../../../../arm-none-eabi/lib/thumb/v7e-m+fp/hard/crt0.o
LOAD build/app_main.o
LOAD build/bsp_ui_inputs.o
LOAD build/ui_menu.o
LOAD build/bsp_encoder.o
LOAD build/bsp_i2c.o
LOAD build/bsp_stepgen.o
LOAD build/bsp_uart.o
LOAD build/ui_lcd_pcf8574.o
LOAD build/sysmem.o
LOAD build/main.o
LOAD build/gpio.o
LOAD build/adc.o
LOAD build/i2c.o
LOAD build/tim.o
LOAD build/usart.o
LOAD build/stm32f4xx_it.o
LOAD build/stm32f4xx_hal_msp.o
LOAD build/system_stm32f4xx.o
LOAD build/stm32f4xx_hal.o
LOAD build/stm32f4xx_hal_cortex.o
LOAD build/stm32f4xx_hal_rcc.o
LOAD build/stm32f4xx_hal_rcc_ex.o
LOAD build/stm32f4xx_hal_flash.o
LOAD build/stm32f4xx_hal_flash_ex.o
LOAD build/stm32f4xx_hal_flash_ramfunc.o
LOAD build/stm32f4xx_hal_gpio.o
LOAD build/stm32f4xx_hal_pwr.o
LOAD build/stm32f4xx_hal_pwr_ex.o
LOAD build/stm32f4xx_hal_dma.o
LOAD build/stm32f4xx_hal_dma_ex.o
LOAD build/stm32f4xx_hal_exti.o
LOAD build/stm32f4xx_hal_adc.o
LOAD build/stm32f4xx_hal_adc_ex.o
LOAD build/stm32f4xx_hal_i2c.o
LOAD build/stm32f4xx_hal_i2c_ex.o
LOAD build/stm32f4xx_hal_tim.o
LOAD build/stm32f4xx_hal_tim_ex.o
LOAD build/stm32f4xx_hal_uart.o
LOAD build/startup_stm32f407xx.o
LOAD /home/alpri/st/stm32cubeclt_1.21.0/GNU-tools-for-STM32/bin/../lib/gcc/arm-none-eabi/14.3.1/../../../../arm-none-eabi/lib/thumb/v7e-m+fp/hard/libc_nano.a
LOAD /home/alpri/st/stm32cubeclt_1.21.0/GNU-tools-for-STM32/bin/../lib/gcc/arm-none-eabi/14.3.1/../../../../arm-none-eabi/lib/thumb/v7e-m+fp/hard/libm.a
LOAD /home/alpri/st/stm32cubeclt_1.21.0/GNU-tools-for-STM32/bin/../lib/gcc/arm-none-eabi/14.3.1/../../../../arm-none-eabi/lib/thumb/v7e-m+fp/hard/libnosys.a
START GROUP
LOAD /home/alpri/st/stm32cubeclt_1.21.0/GNU-tools-for-STM32/bin/../lib/gcc/arm-none-eabi/14.3.1/thumb/v7e-m+fp/hard/libgcc.a
LOAD /home/alpri/st/stm32cubeclt_1.21.0/GNU-tools-for-STM32/bin/../lib/gcc/arm-none-eabi/14.3.1/../../../../arm-none-eabi/lib/thumb/v7e-m+fp/hard/libc_nano.a
END GROUP
START GROUP
LOAD /home/alpri/st/stm32cubeclt_1.21.0/GNU-tools-for-STM32/bin/../lib/gcc/arm-none-eabi/14.3.1/thumb/v7e-m+fp/hard/libgcc.a
LOAD /home/alpri/st/stm32cubeclt_1.21.0/GNU-tools-for-STM32/bin/../lib/gcc/arm-none-eabi/14.3.1/../../../../arm-none-eabi/lib/thumb/v7e-m+fp/hard/libc_nano.a
END GROUP
LOAD /home/alpri/st/stm32cubeclt_1.21.0/GNU-tools-for-STM32/bin/../lib/gcc/arm-none-eabi/14.3.1/thumb/v7e-m+fp/hard/crtend.o
LOAD /home/alpri/st/stm32cubeclt_1.21.0/GNU-tools-for-STM32/bin/../lib/gcc/arm-none-eabi/14.3.1/thumb/v7e-m+fp/hard/crtn.o
                0x20020000                        _estack = (ORIGIN (RAM) + LENGTH (RAM))
                0x00000400                        _Min_Heap_Size = 0x400
                0x00000800                        _Min_Stack_Size = 0x800

.isr_vector     0x08000000      0x188
                0x08000000                        . = ALIGN (0x4)
 *(.isr_vector)
 .isr_vector    0x08000000      0x188 build/startup_stm32f407xx.o
                0x08000000                g_pfnVectors
                0x08000188                        . = ALIGN (0x4)

.text           0x08000190     0x3dd8
                0x08000190                        . = ALIGN (0x4)
 *(.text)
 .text          0x08000190       0x40 /home/alpri/st/stm32cubeclt_1.21.0/GNU-tools-for-STM32/bin/../lib/gcc/arm-none-eabi/14.3.1/thumb/v7e-m+fp/hard/crtbegin.o
 .text          0x080001d0       0x10 /home/alpri/st/stm32cubeclt_1.21.0/GNU-tools-for-STM32/bin/../lib/gcc/arm-none-eabi/14.3.1/../../../../arm-none-eabi/lib/thumb/v7e-m+fp/hard/libc_nano.a(libc_a-strlen.o)
                0x080001d0                strlen
 .text          0x080001e0       0xa0 /home/alpri/st/stm32cubeclt_1.21.0/GNU-tools-for-STM32/bin/../lib/gcc/arm-none-eabi/14.3.1/../../../../arm-none-eabi/lib/thumb/v7e-m+fp/hard/libc_nano.a(libc_a-memchr.o)
                0x080001e0                memchr
 .text          0x08000280       0x30 /home/alpri/st/stm32cubeclt_1.21.0/GNU-tools-for-STM32/bin/../lib/gcc/arm-none-eabi/14.3.1/thumb/v7e-m+fp/hard/libgcc.a(_aeabi_uldivmod.o)
                0x08000280                __aeabi_uldivmod
 .text          0x080002b0       0x28 /home/alpri/st/stm32cubeclt_1.21.0/GNU-tools-for-STM32/bin/../lib/gcc/arm-none-eabi/14.3.1/thumb/v7e-m+fp/hard/libgcc.a(_popcountsi2.o)
                0x080002b0                __popcountsi2
 .text          0x080002d8      0x2f8 /home/alpri/st/stm32cubeclt_1.21.0/GNU-tools-for-STM32/bin/../lib/gcc/arm-none-eabi/14.3.1/thumb/v7e-m+fp/hard/libgcc.a(_udivmoddi4.o)
                0x080002d8                __udivmoddi4
 .text          0x080005d0        0x4 /home/alpri/st/stm32cubeclt_1.21.0/GNU-tools-for-STM32/bin/../lib/gcc/arm-none-eabi/14.3.1/thumb/v7e-m+fp/hard/libgcc.a(_dvmd_tls.o)
                0x080005d0                __aeabi_ldiv0
                0x080005d0                __aeabi_idiv0
 *(.text*)
 .text.autodetect_lcd_addr
                0x080005d4       0x54 build/app_main.o
 .text.app_init
                0x08000628       0x3c build/app_main.o
                0x08000628                app_init
 .text.app_loop
                0x08000664       0x14 build/app_main.o
                0x08000664                app_loop
 .text.hw_gpio_init
                0x08000678       0xb0 build/bsp_ui_inputs.o
 .text.read_raw_snapshot
                0x08000728       0xb8 build/bsp_ui_inputs.o
 .text.stable_same
                0x080007e0       0x10 build/bsp_ui_inputs.o
 .text.bsp_ui_inputs_init
                0x080007f0       0x50 build/bsp_ui_inputs.o
                0x080007f0                bsp_ui_inputs_init
 .text.bsp_ui_inputs_poll
                0x08000840       0x74 build/bsp_ui_inputs.o
                0x08000840                bsp_ui_inputs_poll
 .text.bsp_ui_inputs_get_stable
                0x080008b4       0x18 build/bsp_ui_inputs.o
                0x080008b4                bsp_ui_inputs_get_stable
 .text.mode_name
                0x080008cc       0x5c build/ui_menu.o
 .text.submode_name
                0x08000928       0x2c build/ui_menu.o
 .text.log_edges
                0x08000954       0xd8 build/ui_menu.o
 .text.lcd_line_pad20
                0x08000a2c       0x3c build/ui_menu.o
 .text.draw_screen
                0x08000a68       0x8c build/ui_menu.o
 .text.ui_menu_init
                0x08000af4       0x1c build/ui_menu.o
                0x08000af4                ui_menu_init
 .text.ui_menu_process
                0x08000b10       0x68 build/ui_menu.o
                0x08000b10                ui_menu_process
 .text.bsp_encoder_init
                0x08000b78       0x1c build/bsp_encoder.o
                0x08000b78                bsp_encoder_init
 .text.bsp_i2c_is_ready_7bit
                0x08000b94       0x1c build/bsp_i2c.o
                0x08000b94                bsp_i2c_is_ready_7bit
 .text.bsp_i2c_scan_and_log
                0x08000bb0       0x44 build/bsp_i2c.o
                0x08000bb0                bsp_i2c_scan_and_log
 .text.bsp_uart_init
                0x08000bf4        0x2 build/bsp_uart.o
                0x08000bf4                bsp_uart_init
 *fill*         0x08000bf6        0x2 
 .text.bsp_uart_write
                0x08000bf8       0x20 build/bsp_uart.o
                0x08000bf8                bsp_uart_write
 .text.bsp_uart_printf
                0x08000c18       0x32 build/bsp_uart.o
                0x08000c18                bsp_uart_printf
 *fill*         0x08000c4a        0x2 
 .text.pcf_write
                0x08000c4c       0x30 build/ui_lcd_pcf8574.o
 .text.pulse_enable
                0x08000c7c       0x24 build/ui_lcd_pcf8574.o
 .text.write4bits
                0x08000ca0        0x8 build/ui_lcd_pcf8574.o
 .text.send     0x08000ca8       0x28 build/ui_lcd_pcf8574.o
 .text.data     0x08000cd0        0xa build/ui_lcd_pcf8574.o
 .text.cmd      0x08000cda       0x10 build/ui_lcd_pcf8574.o
 .text.lcd_pcf8574_init
                0x08000cea       0x74 build/ui_lcd_pcf8574.o
                0x08000cea                lcd_pcf8574_init
 *fill*         0x08000d5e        0x2 
 .text.lcd_pcf8574_set_cursor
                0x08000d60       0x28 build/ui_lcd_pcf8574.o
                0x08000d60                lcd_pcf8574_set_cursor
 .text.lcd_pcf8574_print
                0x08000d88       0x1e build/ui_lcd_pcf8574.o
                0x08000d88                lcd_pcf8574_print
 *fill*         0x08000da6        0x2 
 .text._sbrk    0x08000da8       0x24 build/sysmem.o
                0x08000da8                _sbrk
 .text.Error_Handler
                0x08000dcc        0x4 build/main.o
                0x08000dcc                Error_Handler
 .text.SystemClock_Config
                0x08000dd0       0xa4 build/main.o
                0x08000dd0                SystemClock_Config
 .text.main     0x08000e74       0x30 build/main.o
                0x08000e74                main
 .text.MX_GPIO_Init
                0x08000ea4      0x16c build/gpio.o
                0x08000ea4                MX_GPIO_Init
 .text.MX_ADC1_Init
                0x08001010       0x70 build/adc.o
                0x08001010                MX_ADC1_Init
 .text.HAL_ADC_MspInit
                0x08001080       0x68 build/adc.o
                0x08001080                HAL_ADC_MspInit
 .text.MX_I2C2_Init
                0x080010e8       0x3c build/i2c.o
                0x080010e8                MX_I2C2_Init
 .text.HAL_I2C_MspInit
                0x08001124       0x70 build/i2c.o
                0x08001124                HAL_I2C_MspInit
 .text.MX_TIM1_Init
                0x08001194       0xe4 build/tim.o
                0x08001194                MX_TIM1_Init
 .text.MX_TIM3_Init
                0x08001278       0x64 build/tim.o
                0x08001278                MX_TIM3_Init
 .text.MX_TIM4_Init
                0x080012dc       0x64 build/tim.o
                0x080012dc                MX_TIM4_Init
 .text.HAL_TIM_PWM_MspInit
                0x08001340       0x30 build/tim.o
                0x08001340                HAL_TIM_PWM_MspInit
 .text.HAL_TIM_Encoder_MspInit
                0x08001370       0xb8 build/tim.o
                0x08001370                HAL_TIM_Encoder_MspInit
 .text.MX_USART1_UART_Init
                0x08001428       0x34 build/usart.o
                0x08001428                MX_USART1_UART_Init
 .text.HAL_UART_MspInit
                0x0800145c       0x70 build/usart.o
                0x0800145c                HAL_UART_MspInit
 .text.NMI_Handler
                0x080014cc        0x2 build/stm32f4xx_it.o
                0x080014cc                NMI_Handler
 .text.HardFault_Handler
                0x080014ce        0x2 build/stm32f4xx_it.o
                0x080014ce                HardFault_Handler
 .text.MemManage_Handler
                0x080014d0        0x2 build/stm32f4xx_it.o
                0x080014d0                MemManage_Handler
 .text.BusFault_Handler
                0x080014d2        0x2 build/stm32f4xx_it.o
                0x080014d2                BusFault_Handler
 .text.UsageFault_Handler
                0x080014d4        0x2 build/stm32f4xx_it.o
                0x080014d4                UsageFault_Handler
 .text.SVC_Handler
                0x080014d6        0x2 build/stm32f4xx_it.o
                0x080014d6                SVC_Handler
 .text.DebugMon_Handler
                0x080014d8        0x2 build/stm32f4xx_it.o
                0x080014d8                DebugMon_Handler
 .text.PendSV_Handler
                0x080014da        0x2 build/stm32f4xx_it.o
                0x080014da                PendSV_Handler
 .text.SysTick_Handler
                0x080014dc        0x8 build/stm32f4xx_it.o
                0x080014dc                SysTick_Handler
 .text.HAL_MspInit
                0x080014e4       0x38 build/stm32f4xx_hal_msp.o
                0x080014e4                HAL_MspInit
 .text.SystemInit
                0x0800151c       0x14 build/system_stm32f4xx.o
                0x0800151c                SystemInit
 .text.HAL_InitTick
                0x08001530       0x4c build/stm32f4xx_hal.o
                0x08001530                HAL_InitTick
 .text.HAL_Init
                0x0800157c       0x34 build/stm32f4xx_hal.o
                0x0800157c                HAL_Init
 .text.HAL_IncTick
                0x080015b0       0x18 build/stm32f4xx_hal.o
                0x080015b0                HAL_IncTick
 .text.HAL_GetTick
                0x080015c8        0xc build/stm32f4xx_hal.o
                0x080015c8                HAL_GetTick
 .text.HAL_Delay
                0x080015d4       0x28 build/stm32f4xx_hal.o
                0x080015d4                HAL_Delay
 .text.__NVIC_SetPriority
                0x080015fc       0x28 build/stm32f4xx_hal_cortex.o
 .text.NVIC_EncodePriority
                0x08001624       0x3c build/stm32f4xx_hal_cortex.o
 .text.HAL_NVIC_SetPriorityGrouping
                0x08001660       0x24 build/stm32f4xx_hal_cortex.o
                0x08001660                HAL_NVIC_SetPriorityGrouping
 .text.HAL_NVIC_SetPriority
                0x08001684       0x20 build/stm32f4xx_hal_cortex.o
                0x08001684                HAL_NVIC_SetPriority
 .text.HAL_SYSTICK_Config
                0x080016a4       0x28 build/stm32f4xx_hal_cortex.o
                0x080016a4                HAL_SYSTICK_Config
 .text.HAL_RCC_OscConfig
                0x080016cc      0x3f8 build/stm32f4xx_hal_rcc.o
                0x080016cc                HAL_RCC_OscConfig
 .text.HAL_RCC_GetSysClockFreq
                0x08001ac4       0xdc build/stm32f4xx_hal_rcc.o
                0x08001ac4                HAL_RCC_GetSysClockFreq
 .text.HAL_RCC_ClockConfig
                0x08001ba0      0x160 build/stm32f4xx_hal_rcc.o
                0x08001ba0                HAL_RCC_ClockConfig
 .text.HAL_RCC_GetHCLKFreq
                0x08001d00        0xc build/stm32f4xx_hal_rcc.o
                0x08001d00                HAL_RCC_GetHCLKFreq
 .text.HAL_RCC_GetPCLK1Freq
                0x08001d0c       0x20 build/stm32f4xx_hal_rcc.o
                0x08001d0c                HAL_RCC_GetPCLK1Freq
 .text.HAL_RCC_GetPCLK2Freq
                0x08001d2c       0x20 build/stm32f4xx_hal_rcc.o
                0x08001d2c                HAL_RCC_GetPCLK2Freq
 .text.HAL_GPIO_Init
                0x08001d4c      0x1ec build/stm32f4xx_hal_gpio.o
                0x08001d4c                HAL_GPIO_Init
 .text.HAL_GPIO_WritePin
                0x08001f38        0xc build/stm32f4xx_hal_gpio.o
                0x08001f38                HAL_GPIO_WritePin
 .text.ADC_Init
                0x08001f44      0x134 build/stm32f4xx_hal_adc.o
 .text.HAL_ADC_Init
                0x08002078       0x56 build/stm32f4xx_hal_adc.o
                0x08002078                HAL_ADC_Init
 *fill*         0x080020ce        0x2 
 .text.HAL_ADC_ConfigChannel
                0x080020d0      0x194 build/stm32f4xx_hal_adc.o
                0x080020d0                HAL_ADC_ConfigChannel
 .text.I2C_IsAcknowledgeFailed
                0x08002264       0x32 build/stm32f4xx_hal_i2c.o
 .text.I2C_WaitOnFlagUntilTimeout
                0x08002296       0xaa build/stm32f4xx_hal_i2c.o
 .text.I2C_WaitOnMasterAddressFlagUntilTimeout
                0x08002340       0xd6 build/stm32f4xx_hal_i2c.o
 *fill*         0x08002416        0x2 
 .text.I2C_MasterRequestWrite
                0x08002418       0xb4 build/stm32f4xx_hal_i2c.o
 .text.I2C_WaitOnTXEFlagUntilTimeout
                0x080024cc       0x5e build/stm32f4xx_hal_i2c.o
 .text.I2C_WaitOnBTFFlagUntilTimeout
                0x0800252a       0x5e build/stm32f4xx_hal_i2c.o
 .text.HAL_I2C_Init
                0x08002588      0x1bc build/stm32f4xx_hal_i2c.o
                0x08002588                HAL_I2C_Init
 .text.HAL_I2C_Master_Transmit
                0x08002744      0x174 build/stm32f4xx_hal_i2c.o
                0x08002744                HAL_I2C_Master_Transmit
 .text.HAL_I2C_IsDeviceReady
                0x080028b8      0x18c build/stm32f4xx_hal_i2c.o
                0x080028b8                HAL_I2C_IsDeviceReady
 .text.TIM_OC1_SetConfig
                0x08002a44       0x70 build/stm32f4xx_hal_tim.o
 .text.TIM_OC3_SetConfig
                0x08002ab4       0x70 build/stm32f4xx_hal_tim.o
 .text.TIM_OC4_SetConfig
                0x08002b24       0x50 build/stm32f4xx_hal_tim.o
 .text.TIM_TI1_ConfigInputStage
                0x08002b74       0x26 build/stm32f4xx_hal_tim.o
 .text.TIM_TI2_ConfigInputStage
                0x08002b9a       0x28 build/stm32f4xx_hal_tim.o
 .text.TIM_ITRx_SetConfig
                0x08002bc2       0x10 build/stm32f4xx_hal_tim.o
 *fill*         0x08002bd2        0x2 
 .text.TIM_Base_SetConfig
                0x08002bd4       0xd0 build/stm32f4xx_hal_tim.o
                0x08002bd4                TIM_Base_SetConfig
 .text.HAL_TIM_PWM_Init
                0x08002ca4       0x58 build/stm32f4xx_hal_tim.o
                0x08002ca4                HAL_TIM_PWM_Init
 .text.HAL_TIM_Encoder_Init
                0x08002cfc       0xb0 build/stm32f4xx_hal_tim.o
                0x08002cfc                HAL_TIM_Encoder_Init
 .text.TIM_OC2_SetConfig
                0x08002dac       0x70 build/stm32f4xx_hal_tim.o
                0x08002dac                TIM_OC2_SetConfig
 .text.HAL_TIM_PWM_ConfigChannel
                0x08002e1c       0xdc build/stm32f4xx_hal_tim.o
                0x08002e1c                HAL_TIM_PWM_ConfigChannel
 .text.TIM_ETR_SetConfig
                0x08002ef8       0x1a build/stm32f4xx_hal_tim.o
                0x08002ef8                TIM_ETR_SetConfig
 .text.HAL_TIM_ConfigClockSource
                0x08002f12       0xfe build/stm32f4xx_hal_tim.o
                0x08002f12                HAL_TIM_ConfigClockSource
 .text.TIM_CCxChannelCmd
                0x08003010       0x1e build/stm32f4xx_hal_tim.o
                0x08003010                TIM_CCxChannelCmd
 .text.HAL_TIM_Encoder_Start
                0x0800302e       0xcc build/stm32f4xx_hal_tim.o
                0x0800302e                HAL_TIM_Encoder_Start
 *fill*         0x080030fa        0x2 
 .text.HAL_TIMEx_MasterConfigSynchronization
                0x080030fc       0x8c build/stm32f4xx_hal_tim_ex.o
                0x080030fc                HAL_TIMEx_MasterConfigSynchronization
 .text.HAL_TIMEx_ConfigBreakDeadTime
                0x08003188       0x52 build/stm32f4xx_hal_tim_ex.o
                0x08003188                HAL_TIMEx_ConfigBreakDeadTime
 .text.UART_EndRxTransfer
                0x080031da       0x5c build/stm32f4xx_hal_uart.o
 *fill*         0x08003236        0x2 
 .text.UART_SetConfig
                0x08003238      0x110 build/stm32f4xx_hal_uart.o
 .text.UART_WaitOnFlagUntilTimeout
                0x08003348       0x86 build/stm32f4xx_hal_uart.o
 .text.HAL_UART_Init
                0x080033ce       0x60 build/stm32f4xx_hal_uart.o
                0x080033ce                HAL_UART_Init
 .text.HAL_UART_Transmit
                0x0800342e       0xca build/stm32f4xx_hal_uart.o
                0x0800342e                HAL_UART_Transmit
 .text.Reset_Handler
                0x080034f8       0x50 build/startup_stm32f407xx.o
                0x080034f8                Reset_Handler
 .text.Default_Handler
                0x08003548        0x2 build/startup_stm32f407xx.o
                0x08003548                RTC_Alarm_IRQHandler
                0x08003548                HASH_RNG_IRQHandler
                0x08003548                EXTI2_IRQHandler
                0x08003548                TIM8_CC_IRQHandler
                0x08003548                TIM1_CC_IRQHandler
                0x08003548                DMA2_Stream5_IRQHandler
                0x08003548                DMA1_Stream5_IRQHandler
                0x08003548                PVD_IRQHandler
                0x08003548                SDIO_IRQHandler
                0x08003548                TAMP_STAMP_IRQHandler
                0x08003548                CAN2_RX1_IRQHandler
                0x08003548                EXTI3_IRQHandler
                0x08003548                TIM8_TRG_COM_TIM14_IRQHandler
                0x08003548                TIM1_UP_TIM10_IRQHandler
                0x08003548                TIM8_UP_TIM13_IRQHandler
                0x08003548                I2C3_ER_IRQHandler
                0x08003548                EXTI0_IRQHandler
                0x08003548                I2C2_EV_IRQHandler
                0x08003548                DMA1_Stream2_IRQHandler
                0x08003548                CAN1_RX0_IRQHandler
                0x08003548                FPU_IRQHandler
                0x08003548                OTG_HS_WKUP_IRQHandler
                0x08003548                CAN2_SCE_IRQHandler
                0x08003548                DMA2_Stream2_IRQHandler
                0x08003548                SPI1_IRQHandler
                0x08003548                TIM6_DAC_IRQHandler
                0x08003548                TIM1_BRK_TIM9_IRQHandler
                0x08003548                DCMI_IRQHandler
                0x08003548                CAN2_RX0_IRQHandler
                0x08003548                DMA2_Stream3_IRQHandler
                0x08003548                USART6_IRQHandler
                0x08003548                USART3_IRQHandler
                0x08003548                CAN1_RX1_IRQHandler
                0x08003548                UART5_IRQHandler
                0x08003548                DMA2_Stream0_IRQHandler
                0x08003548                TIM4_IRQHandler
                0x08003548                I2C1_EV_IRQHandler
                0x08003548                DMA1_Stream6_IRQHandler
                0x08003548                DMA1_Stream1_IRQHandler
                0x08003548                UART4_IRQHandler
                0x08003548                TIM3_IRQHandler
                0x08003548                RCC_IRQHandler
                0x08003548                TIM8_BRK_TIM12_IRQHandler
                0x08003548                Default_Handler
                0x08003548                EXTI15_10_IRQHandler
                0x08003548                ADC_IRQHandler
                0x08003548                DMA1_Stream7_IRQHandler
                0x08003548                TIM7_IRQHandler
                0x08003548                CAN2_TX_IRQHandler
                0x08003548                TIM5_IRQHandler
                0x08003548                DMA2_Stream7_IRQHandler
                0x08003548                I2C3_EV_IRQHandler
                0x08003548                EXTI9_5_IRQHandler
                0x08003548                RTC_WKUP_IRQHandler
                0x08003548                ETH_WKUP_IRQHandler
                0x08003548                SPI2_IRQHandler
                0x08003548                OTG_HS_EP1_IN_IRQHandler
                0x08003548                DMA1_Stream0_IRQHandler
                0x08003548                CAN1_TX_IRQHandler
                0x08003548                EXTI4_IRQHandler
                0x08003548                FSMC_IRQHandler
                0x08003548                ETH_IRQHandler
                0x08003548                OTG_HS_EP1_OUT_IRQHandler
                0x08003548                WWDG_IRQHandler
                0x08003548                TIM2_IRQHandler
                0x08003548                OTG_FS_WKUP_IRQHandler
                0x08003548                TIM1_TRG_COM_TIM11_IRQHandler
                0x08003548                OTG_HS_IRQHandler
                0x08003548                EXTI1_IRQHandler
                0x08003548                USART2_IRQHandler
                0x08003548                I2C2_ER_IRQHandler
                0x08003548                DMA2_Stream1_IRQHandler
                0x08003548                CAN1_SCE_IRQHandler
                0x08003548                FLASH_IRQHandler
                0x08003548                DMA2_Stream4_IRQHandler
                0x08003548                USART1_IRQHandler
                0x08003548                OTG_FS_IRQHandler
                0x08003548                SPI3_IRQHandler
                0x08003548                DMA1_Stream4_IRQHandler
                0x08003548                I2C1_ER_IRQHandler
                0x08003548                DMA2_Stream6_IRQHandler
                0x08003548                DMA1_Stream3_IRQHandler
 *fill*         0x0800354a        0x2 
 .text.snprintf
                0x0800354c       0x6c /home/alpri/st/stm32cubeclt_1.21.0/GNU-tools-for-STM32/bin/../lib/gcc/arm-none-eabi/14.3.1/../../../../arm-none-eabi/lib/thumb/v7e-m+fp/hard/libc_nano.a(libc_a-snprintf.o)
                0x0800354c                snprintf
                0x0800354c                sniprintf
 .text._vsnprintf_r
                0x080035b8       0x5c /home/alpri/st/stm32cubeclt_1.21.0/GNU-tools-for-STM32/bin/../lib/gcc/arm-none-eabi/14.3.1/../../../../arm-none-eabi/lib/thumb/v7e-m+fp/hard/libc_nano.a(libc_a-vsnprintf.o)
                0x080035b8                _vsnprintf_r
                0x080035b8                _vsniprintf_r
 .text.vsnprintf
                0x08003614       0x1c /home/alpri/st/stm32cubeclt_1.21.0/GNU-tools-for-STM32/bin/../lib/gcc/arm-none-eabi/14.3.1/../../../../arm-none-eabi/lib/thumb/v7e-m+fp/hard/libc_nano.a(libc_a-vsnprintf.o)
                0x08003614                vsnprintf
                0x08003614                vsniprintf
 .text.memcmp   0x08003630       0x20 /home/alpri/st/stm32cubeclt_1.21.0/GNU-tools-for-STM32/bin/../lib/gcc/arm-none-eabi/14.3.1/../../../../arm-none-eabi/lib/thumb/v7e-m+fp/hard/libc_nano.a(libc_a-memcmp.o)
                0x08003630                memcmp
 .text.memset   0x08003650       0x10 /home/alpri/st/stm32cubeclt_1.21.0/GNU-tools-for-STM32/bin/../lib/gcc/arm-none-eabi/14.3.1/../../../../arm-none-eabi/lib/thumb/v7e-m+fp/hard/libc_nano.a(libc_a-memset.o)
                0x08003650                memset
 .text.__libc_init_array
                0x08003660       0x48 /home/alpri/st/stm32cubeclt_1.21.0/GNU-tools-for-STM32/bin/../lib/gcc/arm-none-eabi/14.3.1/../../../../arm-none-eabi/lib/thumb/v7e-m+fp/hard/libc_nano.a(libc_a-init.o)
                0x08003660                __libc_init_array
 .text.__retarget_lock_acquire_recursive
                0x080036a8        0x2 /home/alpri/st/stm32cubeclt_1.21.0/GNU-tools-for-STM32/bin/../lib/gcc/arm-none-eabi/14.3.1/../../../../arm-none-eabi/lib/thumb/v7e-m+fp/hard/libc_nano.a(libc_a-lock.o)
                0x080036a8                __retarget_lock_acquire_recursive
 .text.__retarget_lock_release_recursive
                0x080036aa        0x2 /home/alpri/st/stm32cubeclt_1.21.0/GNU-tools-for-STM32/bin/../lib/gcc/arm-none-eabi/14.3.1/../../../../arm-none-eabi/lib/thumb/v7e-m+fp/hard/libc_nano.a(libc_a-lock.o)
                0x080036aa                __retarget_lock_release_recursive
 .text._free_r  0x080036ac       0x94 /home/alpri/st/stm32cubeclt_1.21.0/GNU-tools-for-STM32/bin/../lib/gcc/arm-none-eabi/14.3.1/../../../../arm-none-eabi/lib/thumb/v7e-m+fp/hard/libc_nano.a(libc_a-freer.o)
                0x080036ac                _free_r
 .text.sbrk_aligned
                0x08003740       0x44 /home/alpri/st/stm32cubeclt_1.21.0/GNU-tools-for-STM32/bin/../lib/gcc/arm-none-eabi/14.3.1/../../../../arm-none-eabi/lib/thumb/v7e-m+fp/hard/libc_nano.a(libc_a-mallocr.o)
 .text._malloc_r
                0x08003784      0x100 /home/alpri/st/stm32cubeclt_1.21.0/GNU-tools-for-STM32/bin/../lib/gcc/arm-none-eabi/14.3.1/../../../../arm-none-eabi/lib/thumb/v7e-m+fp/hard/libc_nano.a(libc_a-mallocr.o)
                0x08003784                _malloc_r
 .text.__malloc_lock
                0x08003884        0xc /home/alpri/st/stm32cubeclt_1.21.0/GNU-tools-for-STM32/bin/../lib/gcc/arm-none-eabi/14.3.1/../../../../arm-none-eabi/lib/thumb/v7e-m+fp/hard/libc_nano.a(libc_a-mlock.o)
                0x08003884                __malloc_lock
 .text.__malloc_unlock
                0x08003890        0xc /home/alpri/st/stm32cubeclt_1.21.0/GNU-tools-for-STM32/bin/../lib/gcc/arm-none-eabi/14.3.1/../../../../arm-none-eabi/lib/thumb/v7e-m+fp/hard/libc_nano.a(libc_a-mlock.o)
                0x08003890                __malloc_unlock
 .text.__ssputs_r
                0x0800389c       0xc0 /home/alpri/st/stm32cubeclt_1.21.0/GNU-tools-for-STM32/bin/../lib/gcc/arm-none-eabi/14.3.1/../../../../arm-none-eabi/lib/thumb/v7e-m+fp/hard/libc_nano.a(libc_a-nano-svfprintf.o)
                0x0800389c                __ssputs_r
 .text._svfprintf_r
                0x0800395c      0x1f0 /home/alpri/st/stm32cubeclt_1.21.0/GNU-tools-for-STM32/bin/../lib/gcc/arm-none-eabi/14.3.1/../../../../arm-none-eabi/lib/thumb/v7e-m+fp/hard/libc_nano.a(libc_a-nano-svfprintf.o)
                0x0800395c                _svfprintf_r
                0x0800395c                _svfiprintf_r
 .text._printf_common
                0x08003b4c       0xda /home/alpri/st/stm32cubeclt_1.21.0/GNU-tools-for-STM32/bin/../lib/gcc/arm-none-eabi/14.3.1/../../../../arm-none-eabi/lib/thumb/v7e-m+fp/hard/libc_nano.a(libc_a-nano-vfprintf_i.o)
                0x08003b4c                _printf_common
 *fill*         0x08003c26        0x2 
 .text._printf_i
                0x08003c28      0x24c /home/alpri/st/stm32cubeclt_1.21.0/GNU-tools-for-STM32/bin/../lib/gcc/arm-none-eabi/14.3.1/../../../../arm-none-eabi/lib/thumb/v7e-m+fp/hard/libc_nano.a(libc_a-nano-vfprintf_i.o)
                0x08003c28                _printf_i
 .text.memmove  0x08003e74       0x32 /home/alpri/st/stm32cubeclt_1.21.0/GNU-tools-for-STM32/bin/../lib/gcc/arm-none-eabi/14.3.1/../../../../arm-none-eabi/lib/thumb/v7e-m+fp/hard/libc_nano.a(libc_a-memmove.o)
                0x08003e74                memmove
 *fill*         0x08003ea6        0x2 
 .text._sbrk_r  0x08003ea8       0x20 /home/alpri/st/stm32cubeclt_1.21.0/GNU-tools-for-STM32/bin/../lib/gcc/arm-none-eabi/14.3.1/../../../../arm-none-eabi/lib/thumb/v7e-m+fp/hard/libc_nano.a(libc_a-sbrkr.o)
                0x08003ea8                _sbrk_r
 .text.memcpy   0x08003ec8       0x1c /home/alpri/st/stm32cubeclt_1.21.0/GNU-tools-for-STM32/bin/../lib/gcc/arm-none-eabi/14.3.1/../../../../arm-none-eabi/lib/thumb/v7e-m+fp/hard/libc_nano.a(libc_a-memcpy-stub.o)
                0x08003ec8                memcpy
 .text._realloc_r
                0x08003ee4       0x5c /home/alpri/st/stm32cubeclt_1.21.0/GNU-tools-for-STM32/bin/../lib/gcc/arm-none-eabi/14.3.1/../../../../arm-none-eabi/lib/thumb/v7e-m+fp/hard/libc_nano.a(libc_a-reallocr.o)
                0x08003ee4                _realloc_r
 .text._malloc_usable_size_r
                0x08003f40       0x10 /home/alpri/st/stm32cubeclt_1.21.0/GNU-tools-for-STM32/bin/../lib/gcc/arm-none-eabi/14.3.1/../../../../arm-none-eabi/lib/thumb/v7e-m+fp/hard/libc_nano.a(libc_a-msizer.o)
                0x08003f40                _malloc_usable_size_r
 *(.glue_7)
 .glue_7        0x08003f50        0x0 linker stubs
 *(.glue_7t)
 .glue_7t       0x08003f50        0x0 linker stubs
 *(.eh_frame)
 .eh_frame      0x08003f50        0x0 /home/alpri/st/stm32cubeclt_1.21.0/GNU-tools-for-STM32/bin/../lib/gcc/arm-none-eabi/14.3.1/thumb/v7e-m+fp/hard/crtbegin.o
 *(.init)
 .init          0x08003f50        0x4 /home/alpri/st/stm32cubeclt_1.21.0/GNU-tools-for-STM32/bin/../lib/gcc/arm-none-eabi/14.3.1/thumb/v7e-m+fp/hard/crti.o
                0x08003f50                _init
 .init          0x08003f54        0x8 /home/alpri/st/stm32cubeclt_1.21.0/GNU-tools-for-STM32/bin/../lib/gcc/arm-none-eabi/14.3.1/thumb/v7e-m+fp/hard/crtn.o
 *(.fini)
 .fini          0x08003f5c        0x4 /home/alpri/st/stm32cubeclt_1.21.0/GNU-tools-for-STM32/bin/../lib/gcc/arm-none-eabi/14.3.1/thumb/v7e-m+fp/hard/crti.o
                0x08003f5c                _fini
 .fini          0x08003f60        0x8 /home/alpri/st/stm32cubeclt_1.21.0/GNU-tools-for-STM32/bin/../lib/gcc/arm-none-eabi/14.3.1/thumb/v7e-m+fp/hard/crtn.o
                0x08003f68                        . = ALIGN (0x4)
                0x08003f68                        _etext = .

.vfp11_veneer   0x08003f68        0x0
 .vfp11_veneer  0x08003f68        0x0 linker stubs

.v4_bx          0x08003f68        0x0
 .v4_bx         0x08003f68        0x0 linker stubs

.iplt           0x08003f68        0x0
 .iplt          0x08003f68        0x0 /home/alpri/st/stm32cubeclt_1.21.0/GNU-tools-for-STM32/bin/../lib/gcc/arm-none-eabi/14.3.1/thumb/v7e-m+fp/hard/crtbegin.o

.rodata         0x08003f68      0x1e0
                0x08003f68                        . = ALIGN (0x4)
 *(.rodata)
 *(.rodata*)
 .rodata.autodetect_lcd_addr.str1.4
                0x08003f68      0x186 build/app_main.o
                                  0x6 (size before relaxing)
 .rodata.app_init.str1.4
                0x080040ee       0x20 build/app_main.o
 *fill*         0x080040ee        0x2 
 .rodata.map.0  0x080040f0        0x6 build/bsp_ui_inputs.o
 .rodata.mode_name.str1.4
                0x080040f6       0x45 build/ui_menu.o
 .rodata.submode_name.str1.4
                0x080040f6        0xf build/ui_menu.o
 .rodata.log_edges.str1.4
                0x080040f6       0x91 build/ui_menu.o
 .rodata.lcd_line_pad20.str1.4
                0x080040f6        0xd build/ui_menu.o
 .rodata.draw_screen.str1.4
                0x080040f6       0x2c build/ui_menu.o
 .rodata.bsp_i2c_scan_and_log.str1.4
                0x080040f6       0x3a build/bsp_i2c.o
 *fill*         0x080040f6        0x2 
 .rodata.row_offsets.0
                0x080040f8        0x4 build/ui_lcd_pcf8574.o
 .rodata.APBPrescTable
                0x080040fc        0x8 build/system_stm32f4xx.o
                0x080040fc                APBPrescTable
 .rodata.AHBPrescTable
                0x08004104       0x10 build/system_stm32f4xx.o
                0x08004104                AHBPrescTable
 .rodata._svfprintf_r.str1.1
                0x08004114       0x33 /home/alpri/st/stm32cubeclt_1.21.0/GNU-tools-for-STM32/bin/../lib/gcc/arm-none-eabi/14.3.1/../../../../arm-none-eabi/lib/thumb/v7e-m+fp/hard/libc_nano.a(libc_a-nano-svfprintf.o)
                                 0x11 (size before relaxing)
 .rodata._printf_i.str1.1
                0x08004147       0x22 /home/alpri/st/stm32cubeclt_1.21.0/GNU-tools-for-STM32/bin/../lib/gcc/arm-none-eabi/14.3.1/../../../../arm-none-eabi/lib/thumb/v7e-m+fp/hard/libc_nano.a(libc_a-nano-vfprintf_i.o)
                0x0800416c                        . = ALIGN (0x4)
 *fill*         0x08004147        0x1 

.ARM.extab
 *(.ARM.extab* .gnu.linkonce.armextab.*)

.ARM            0x08004148        0x8
                0x08004148                        __exidx_start = .
 *(.ARM.exidx*)
 .ARM.exidx     0x08004148        0x8 /home/alpri/st/stm32cubeclt_1.21.0/GNU-tools-for-STM32/bin/../lib/gcc/arm-none-eabi/14.3.1/../../../../arm-none-eabi/lib/thumb/v7e-m+fp/hard/libc_nano.a(libc_a-strlen.o)
 .ARM.exidx     0x08004150        0x0 /home/alpri/st/stm32cubeclt_1.21.0/GNU-tools-for-STM32/bin/../lib/gcc/arm-none-eabi/14.3.1/../../../../arm-none-eabi/lib/thumb/v7e-m+fp/hard/libc_nano.a(libc_a-memchr.o)
                                  0x8 (size before relaxing)
 .ARM.exidx     0x08004150        0x0 /home/alpri/st/stm32cubeclt_1.21.0/GNU-tools-for-STM32/bin/../lib/gcc/arm-none-eabi/14.3.1/thumb/v7e-m+fp/hard/libgcc.a(_udivmoddi4.o)
                                  0x8 (size before relaxing)
                0x08004150                        __exidx_end = .
                0x08004158                        _sidata = LOADADDR (.data)

.rel.dyn        0x08004150        0x0
 .rel.iplt      0x08004150        0x0 /home/alpri/st/stm32cubeclt_1.21.0/GNU-tools-for-STM32/bin/../lib/gcc/arm-none-eabi/14.3.1/thumb/v7e-m+fp/hard/crtbegin.o

.preinit_array  0x08004150        0x0
                0x08004150                        PROVIDE (__preinit_array_start = .)
 *(.preinit_array*)
                0x08004150                        PROVIDE (__preinit_array_end = .)

.init_array     0x08004150        0x4
                0x08004150                        PROVIDE (__init_array_start = .)
 *(SORT_BY_NAME(.init_array.*))
 *(.init_array*)
 .init_array    0x08004150        0x4 /home/alpri/st/stm32cubeclt_1.21.0/GNU-tools-for-STM32/bin/../lib/gcc/arm-none-eabi/14.3.1/thumb/v7e-m+fp/hard/crtbegin.o
                0x08004154                        PROVIDE (__init_array_end = .)

.fini_array     0x08004154        0x4
                [!provide]                        PROVIDE (__fini_array_start = .)
 *(SORT_BY_NAME(.fini_array.*))
 *(.fini_array*)
 .fini_array    0x08004154        0x4 /home/alpri/st/stm32cubeclt_1.21.0/GNU-tools-for-STM32/bin/../lib/gcc/arm-none-eabi/14.3.1/thumb/v7e-m+fp/hard/crtbegin.o
                [!provide]                        PROVIDE (__fini_array_end = .)

.data           0x20000000       0x5c load address 0x08004158
                0x20000000                        . = ALIGN (0x4)
                0x20000000                        _sdata = .
 *(.data)
 *(.data*)
 .data.SystemCoreClock
                0x20000000        0x4 build/system_stm32f4xx.o
                0x20000000                SystemCoreClock
 .data.uwTickFreq
                0x20000004        0x1 build/stm32f4xx_hal.o
                0x20000004                uwTickFreq
 *fill*         0x20000005        0x3 
 .data.uwTickPrio
                0x20000008        0x4 build/stm32f4xx_hal.o
                0x20000008                uwTickPrio
 .data._impure_ptr
                0x2000000c        0x4 /home/alpri/st/stm32cubeclt_1.21.0/GNU-tools-for-STM32/bin/../lib/gcc/arm-none-eabi/14.3.1/../../../../arm-none-eabi/lib/thumb/v7e-m+fp/hard/libc_nano.a(libc_a-impure.o)
                0x2000000c                _impure_ptr
 .data._impure_data
                0x20000010       0x4c /home/alpri/st/stm32cubeclt_1.21.0/GNU-tools-for-STM32/bin/../lib/gcc/arm-none-eabi/14.3.1/../../../../arm-none-eabi/lib/thumb/v7e-m+fp/hard/libc_nano.a(libc_a-impure.o)
                0x20000010                _impure_data
                0x2000005c                        . = ALIGN (0x4)
                0x2000005c                        _edata = .

.igot.plt       0x2000005c        0x0 load address 0x080041b4
 .igot.plt      0x2000005c        0x0 /home/alpri/st/stm32cubeclt_1.21.0/GNU-tools-for-STM32/bin/../lib/gcc/arm-none-eabi/14.3.1/thumb/v7e-m+fp/hard/crtbegin.o

.bss            0x2000005c      0x358 load address 0x080041b4
                0x2000005c                        . = ALIGN (0x4)
                0x2000005c                        _sbss = .
                0x2000005c                        __bss_start__ = _sbss
 *(.bss)
 .bss           0x2000005c       0x1c /home/alpri/st/stm32cubeclt_1.21.0/GNU-tools-for-STM32/bin/../lib/gcc/arm-none-eabi/14.3.1/thumb/v7e-m+fp/hard/crtbegin.o
 *(.bss*)
 .bss.g_lcd_addr
                0x20000078        0x1 build/app_main.o
 *fill*         0x20000079        0x3 
 .bss.g_lcd     0x2000007c        0x2 build/app_main.o
 .bss.s_inited  0x2000007e        0x1 build/bsp_ui_inputs.o
 *fill*         0x2000007f        0x1 
 .bss.s_last_change_ms
                0x20000080        0x4 build/bsp_ui_inputs.o
 .bss.s_pending_since_ms
                0x20000084        0x4 build/bsp_ui_inputs.o
 .bss.s_pending
                0x20000088        0x7 build/bsp_ui_inputs.o
 *fill*         0x2000008f        0x1 
 .bss.s_stable  0x20000090        0x7 build/bsp_ui_inputs.o
 *fill*         0x20000097        0x1 
 .bss.s_lcd     0x20000098        0x4 build/ui_menu.o
 .bss.s_have_prev
                0x2000009c        0x1 build/ui_menu.o
 *fill*         0x2000009d        0x3 
 .bss.s_prev    0x200000a0        0x7 build/ui_menu.o
 *fill*         0x200000a7        0x1 
 .bss.heap_end.0
                0x200000a8        0x4 build/sysmem.o
 .bss.hadc1     0x200000ac       0x48 build/adc.o
                0x200000ac                hadc1
 .bss.hi2c2     0x200000f4       0x54 build/i2c.o
                0x200000f4                hi2c2
 .bss.htim4     0x20000148       0x48 build/tim.o
                0x20000148                htim4
 .bss.htim3     0x20000190       0x48 build/tim.o
                0x20000190                htim3
 .bss.htim1     0x200001d8       0x48 build/tim.o
                0x200001d8                htim1
 .bss.huart1    0x20000220       0x48 build/usart.o
                0x20000220                huart1
 .bss.uwTick    0x20000268        0x4 build/stm32f4xx_hal.o
                0x20000268                uwTick
 .bss.__sf      0x2000026c      0x138 /home/alpri/st/stm32cubeclt_1.21.0/GNU-tools-for-STM32/bin/../lib/gcc/arm-none-eabi/14.3.1/../../../../arm-none-eabi/lib/thumb/v7e-m+fp/hard/libc_nano.a(libc_a-findfp.o)
                0x2000026c                __sf
 .bss.errno     0x200003a4        0x4 /home/alpri/st/stm32cubeclt_1.21.0/GNU-tools-for-STM32/bin/../lib/gcc/arm-none-eabi/14.3.1/../../../../arm-none-eabi/lib/thumb/v7e-m+fp/hard/libc_nano.a(libc_a-reent.o)
                0x200003a4                errno
 .bss.__lock___malloc_recursive_mutex
                0x200003a8        0x1 /home/alpri/st/stm32cubeclt_1.21.0/GNU-tools-for-STM32/bin/../lib/gcc/arm-none-eabi/14.3.1/../../../../arm-none-eabi/lib/thumb/v7e-m+fp/hard/libc_nano.a(libc_a-lock.o)
                0x200003a8                __lock___malloc_recursive_mutex
 *fill*         0x200003a9        0x3 
 .bss.__malloc_sbrk_start
                0x200003ac        0x4 /home/alpri/st/stm32cubeclt_1.21.0/GNU-tools-for-STM32/bin/../lib/gcc/arm-none-eabi/14.3.1/../../../../arm-none-eabi/lib/thumb/v7e-m+fp/hard/libc_nano.a(libc_a-mallocr.o)
                0x200003ac                __malloc_sbrk_start
 .bss.__malloc_free_list
                0x200003b0        0x4 /home/alpri/st/stm32cubeclt_1.21.0/GNU-tools-for-STM32/bin/../lib/gcc/arm-none-eabi/14.3.1/../../../../arm-none-eabi/lib/thumb/v7e-m+fp/hard/libc_nano.a(libc_a-mallocr.o)
                0x200003b0                __malloc_free_list
 *(COMMON)
                0x200003b4                        . = ALIGN (0x4)
                0x200003b4                        _ebss = .
                0x200003b4                        __bss_end__ = _ebss

._user_heap_stack
                0x200003b4      0xc04 load address 0x080041b4
                0x200003b8                        . = ALIGN (0x8)
 *fill*         0x200003b4        0x4 
                [!provide]                        PROVIDE (end = .)
                0x200003b8                        PROVIDE (_end = .)
                0x200007b8                        . = (. + _Min_Heap_Size)
 *fill*         0x200003b8      0x400 
                0x20000fb8                        . = (. + _Min_Stack_Size)
 *fill*         0x200007b8      0x800 
                0x20000fb8                        . = ALIGN (0x8)
OUTPUT(build/els_f407_black.elf elf32-littlearm)
LOAD linker stubs

.ARM.attributes
                0x00000000       0x30
 .ARM.attributes
                0x00000000       0x22 /home/alpri/st/stm32cubeclt_1.21.0/GNU-tools-for-STM32/bin/../lib/gcc/arm-none-eabi/14.3.1/thumb/v7e-m+fp/hard/crti.o
 .ARM.attributes
                0x00000022       0x34 /home/alpri/st/stm32cubeclt_1.21.0/GNU-tools-for-STM32/bin/../lib/gcc/arm-none-eabi/14.3.1/thumb/v7e-m+fp/hard/crtbegin.o
 .ARM.attributes
                0x00000056       0x34 build/app_main.o
 .ARM.attributes
                0x0000008a       0x34 build/bsp_ui_inputs.o
 .ARM.attributes
                0x000000be       0x34 build/ui_menu.o
 .ARM.attributes
                0x000000f2       0x34 build/bsp_encoder.o
 .ARM.attributes
                0x00000126       0x34 build/bsp_i2c.o
 .ARM.attributes
                0x0000015a       0x34 build/bsp_uart.o
 .ARM.attributes
                0x0000018e       0x34 build/ui_lcd_pcf8574.o
 .ARM.attributes
                0x000001c2       0x34 build/sysmem.o
 .ARM.attributes
                0x000001f6       0x34 build/main.o
 .ARM.attributes
                0x0000022a       0x34 build/gpio.o
 .ARM.attributes
                0x0000025e       0x34 build/adc.o
 .ARM.attributes
                0x00000292       0x34 build/i2c.o
 .ARM.attributes
                0x000002c6       0x34 build/tim.o
 .ARM.attributes
                0x000002fa       0x34 build/usart.o
 .ARM.attributes
                0x0000032e       0x34 build/stm32f4xx_it.o
 .ARM.attributes
                0x00000362       0x34 build/stm32f4xx_hal_msp.o
 .ARM.attributes
                0x00000396       0x34 build/system_stm32f4xx.o
 .ARM.attributes
                0x000003ca       0x34 build/stm32f4xx_hal.o
 .ARM.attributes
                0x000003fe       0x34 build/stm32f4xx_hal_cortex.o
 .ARM.attributes
                0x00000432       0x34 build/stm32f4xx_hal_rcc.o
 .ARM.attributes
                0x00000466       0x34 build/stm32f4xx_hal_gpio.o
 .ARM.attributes
                0x0000049a       0x34 build/stm32f4xx_hal_adc.o
 .ARM.attributes
                0x000004ce       0x34 build/stm32f4xx_hal_i2c.o
 .ARM.attributes
                0x00000502       0x34 build/stm32f4xx_hal_tim.o
 .ARM.attributes
                0x00000536       0x34 build/stm32f4xx_hal_tim_ex.o
 .ARM.attributes
                0x0000056a       0x34 build/stm32f4xx_hal_uart.o
 .ARM.attributes
                0x0000059e       0x21 build/startup_stm32f407xx.o
 .ARM.attributes
                0x000005bf       0x34 /home/alpri/st/stm32cubeclt_1.21.0/GNU-tools-for-STM32/bin/../lib/gcc/arm-none-eabi/14.3.1/../../../../arm-none-eabi/lib/thumb/v7e-m+fp/hard/libc_nano.a(libc_a-findfp.o)
 .ARM.attributes
                0x000005f3       0x34 /home/alpri/st/stm32cubeclt_1.21.0/GNU-tools-for-STM32/bin/../lib/gcc/arm-none-eabi/14.3.1/../../../../arm-none-eabi/lib/thumb/v7e-m+fp/hard/libc_nano.a(libc_a-snprintf.o)
 .ARM.attributes
                0x00000627       0x34 /home/alpri/st/stm32cubeclt_1.21.0/GNU-tools-for-STM32/bin/../lib/gcc/arm-none-eabi/14.3.1/../../../../arm-none-eabi/lib/thumb/v7e-m+fp/hard/libc_nano.a(libc_a-vsnprintf.o)
 .ARM.attributes
                0x0000065b       0x34 /home/alpri/st/stm32cubeclt_1.21.0/GNU-tools-for-STM32/bin/../lib/gcc/arm-none-eabi/14.3.1/../../../../arm-none-eabi/lib/thumb/v7e-m+fp/hard/libc_nano.a(libc_a-memcmp.o)
 .ARM.attributes
                0x0000068f       0x34 /home/alpri/st/stm32cubeclt_1.21.0/GNU-tools-for-STM32/bin/../lib/gcc/arm-none-eabi/14.3.1/../../../../arm-none-eabi/lib/thumb/v7e-m+fp/hard/libc_nano.a(libc_a-memset.o)
 .ARM.attributes
                0x000006c3       0x34 /home/alpri/st/stm32cubeclt_1.21.0/GNU-tools-for-STM32/bin/../lib/gcc/arm-none-eabi/14.3.1/../../../../arm-none-eabi/lib/thumb/v7e-m+fp/hard/libc_nano.a(libc_a-reent.o)
 .ARM.attributes
                0x000006f7       0x34 /home/alpri/st/stm32cubeclt_1.21.0/GNU-tools-for-STM32/bin/../lib/gcc/arm-none-eabi/14.3.1/../../../../arm-none-eabi/lib/thumb/v7e-m+fp/hard/libc_nano.a(libc_a-impure.o)
 .ARM.attributes
                0x0000072b       0x34 /home/alpri/st/stm32cubeclt_1.21.0/GNU-tools-for-STM32/bin/../lib/gcc/arm-none-eabi/14.3.1/../../../../arm-none-eabi/lib/thumb/v7e-m+fp/hard/libc_nano.a(libc_a-init.o)
 .ARM.attributes
                0x0000075f       0x34 /home/alpri/st/stm32cubeclt_1.21.0/GNU-tools-for-STM32/bin/../lib/gcc/arm-none-eabi/14.3.1/../../../../arm-none-eabi/lib/thumb/v7e-m+fp/hard/libc_nano.a(libc_a-lock.o)
 .ARM.attributes
                0x00000793       0x17 /home/alpri/st/stm32cubeclt_1.21.0/GNU-tools-for-STM32/bin/../lib/gcc/arm-none-eabi/14.3.1/../../../../arm-none-eabi/lib/thumb/v7e-m+fp/hard/libc_nano.a(libc_a-strlen.o)
 .ARM.attributes
                0x000007aa       0x34 /home/alpri/st/stm32cubeclt_1.21.0/GNU-tools-for-STM32/bin/../lib/gcc/arm-none-eabi/14.3.1/../../../../arm-none-eabi/lib/thumb/v7e-m+fp/hard/libc_nano.a(libc_a-freer.o)
 .ARM.attributes
                0x000007de       0x34 /home/alpri/st/stm32cubeclt_1.21.0/GNU-tools-for-STM32/bin/../lib/gcc/arm-none-eabi/14.3.1/../../../../arm-none-eabi/lib/thumb/v7e-m+fp/hard/libc_nano.a(libc_a-mallocr.o)
 .ARM.attributes
                0x00000812       0x34 /home/alpri/st/stm32cubeclt_1.21.0/GNU-tools-for-STM32/bin/../lib/gcc/arm-none-eabi/14.3.1/../../../../arm-none-eabi/lib/thumb/v7e-m+fp/hard/libc_nano.a(libc_a-mlock.o)
 .ARM.attributes
                0x00000846       0x34 /home/alpri/st/stm32cubeclt_1.21.0/GNU-tools-for-STM32/bin/../lib/gcc/arm-none-eabi/14.3.1/../../../../arm-none-eabi/lib/thumb/v7e-m+fp/hard/libc_nano.a(libc_a-nano-svfprintf.o)
 .ARM.attributes
                0x0000087a       0x34 /home/alpri/st/stm32cubeclt_1.21.0/GNU-tools-for-STM32/bin/../lib/gcc/arm-none-eabi/14.3.1/../../../../arm-none-eabi/lib/thumb/v7e-m+fp/hard/libc_nano.a(libc_a-nano-vfprintf_i.o)
 .ARM.attributes
                0x000008ae       0x34 /home/alpri/st/stm32cubeclt_1.21.0/GNU-tools-for-STM32/bin/../lib/gcc/arm-none-eabi/14.3.1/../../../../arm-none-eabi/lib/thumb/v7e-m+fp/hard/libc_nano.a(libc_a-memmove.o)
 .ARM.attributes
                0x000008e2       0x34 /home/alpri/st/stm32cubeclt_1.21.0/GNU-tools-for-STM32/bin/../lib/gcc/arm-none-eabi/14.3.1/../../../../arm-none-eabi/lib/thumb/v7e-m+fp/hard/libc_nano.a(libc_a-sbrkr.o)
 .ARM.attributes
                0x00000916       0x1c /home/alpri/st/stm32cubeclt_1.21.0/GNU-tools-for-STM32/bin/../lib/gcc/arm-none-eabi/14.3.1/../../../../arm-none-eabi/lib/thumb/v7e-m+fp/hard/libc_nano.a(libc_a-memchr.o)
 .ARM.attributes
                0x00000932       0x34 /home/alpri/st/stm32cubeclt_1.21.0/GNU-tools-for-STM32/bin/../lib/gcc/arm-none-eabi/14.3.1/../../../../arm-none-eabi/lib/thumb/v7e-m+fp/hard/libc_nano.a(libc_a-memcpy-stub.o)
 .ARM.attributes
                0x00000966       0x34 /home/alpri/st/stm32cubeclt_1.21.0/GNU-tools-for-STM32/bin/../lib/gcc/arm-none-eabi/14.3.1/../../../../arm-none-eabi/lib/thumb/v7e-m+fp/hard/libc_nano.a(libc_a-reallocr.o)
 .ARM.attributes
                0x0000099a       0x34 /home/alpri/st/stm32cubeclt_1.21.0/GNU-tools-for-STM32/bin/../lib/gcc/arm-none-eabi/14.3.1/../../../../arm-none-eabi/lib/thumb/v7e-m+fp/hard/libc_nano.a(libc_a-msizer.o)
 .ARM.attributes
                0x000009ce       0x22 /home/alpri/st/stm32cubeclt_1.21.0/GNU-tools-for-STM32/bin/../lib/gcc/arm-none-eabi/14.3.1/thumb/v7e-m+fp/hard/libgcc.a(_aeabi_uldivmod.o)
 .ARM.attributes
                0x000009f0       0x34 /home/alpri/st/stm32cubeclt_1.21.0/GNU-tools-for-STM32/bin/../lib/gcc/arm-none-eabi/14.3.1/thumb/v7e-m+fp/hard/libgcc.a(_popcountsi2.o)
 .ARM.attributes
                0x00000a24       0x34 /home/alpri/st/stm32cubeclt_1.21.0/GNU-tools-for-STM32/bin/../lib/gcc/arm-none-eabi/14.3.1/thumb/v7e-m+fp/hard/libgcc.a(_udivmoddi4.o)
 .ARM.attributes
                0x00000a58       0x22 /home/alpri/st/stm32cubeclt_1.21.0/GNU-tools-for-STM32/bin/../lib/gcc/arm-none-eabi/14.3.1/thumb/v7e-m+fp/hard/libgcc.a(_dvmd_tls.o)
 .ARM.attributes
                0x00000a7a       0x22 /home/alpri/st/stm32cubeclt_1.21.0/GNU-tools-for-STM32/bin/../lib/gcc/arm-none-eabi/14.3.1/thumb/v7e-m+fp/hard/crtn.o

.comment        0x00000000       0x43
 .comment       0x00000000       0x43 build/app_main.o
                                 0x44 (size before relaxing)
 .comment       0x00000043       0x44 build/bsp_ui_inputs.o
 .comment       0x00000043       0x44 build/ui_menu.o
 .comment       0x00000043       0x44 build/bsp_encoder.o
 .comment       0x00000043       0x44 build/bsp_i2c.o
 .comment       0x00000043       0x44 build/bsp_uart.o
 .comment       0x00000043       0x44 build/ui_lcd_pcf8574.o
 .comment       0x00000043       0x44 build/sysmem.o
 .comment       0x00000043       0x44 build/main.o
 .comment       0x00000043       0x44 build/gpio.o
 .comment       0x00000043       0x44 build/adc.o
 .comment       0x00000043       0x44 build/i2c.o
 .comment       0x00000043       0x44 build/tim.o
 .comment       0x00000043       0x44 build/usart.o
 .comment       0x00000043       0x44 build/stm32f4xx_it.o
 .comment       0x00000043       0x44 build/stm32f4xx_hal_msp.o
 .comment       0x00000043       0x44 build/system_stm32f4xx.o
 .comment       0x00000043       0x44 build/stm32f4xx_hal.o
 .comment       0x00000043       0x44 build/stm32f4xx_hal_cortex.o
 .comment       0x00000043       0x44 build/stm32f4xx_hal_rcc.o
 .comment       0x00000043       0x44 build/stm32f4xx_hal_gpio.o
 .comment       0x00000043       0x44 build/stm32f4xx_hal_adc.o
 .comment       0x00000043       0x44 build/stm32f4xx_hal_i2c.o
 .comment       0x00000043       0x44 build/stm32f4xx_hal_tim.o
 .comment       0x00000043       0x44 build/stm32f4xx_hal_tim_ex.o
 .comment       0x00000043       0x44 build/stm32f4xx_hal_uart.o

.debug_info     0x00000000    0x18169
 .debug_info    0x00000000      0x2e6 build/app_main.o
 .debug_info    0x000002e6      0x851 build/bsp_ui_inputs.o
 .debug_info    0x00000b37      0x710 build/ui_menu.o
 .debug_info    0x00001247      0x71f build/bsp_encoder.o
 .debug_info    0x00001966      0x747 build/bsp_i2c.o
 .debug_info    0x000020ad      0x762 build/bsp_uart.o
 .debug_info    0x0000280f      0xcbb build/ui_lcd_pcf8574.o
 .debug_info    0x000034ca      0x105 build/sysmem.o
 .debug_info    0x000035cf      0x5c4 build/main.o
 .debug_info    0x00003b93      0x581 build/gpio.o
 .debug_info    0x00004114      0xa1a build/adc.o
 .debug_info    0x00004b2e      0x9e2 build/i2c.o
 .debug_info    0x00005510     0x1092 build/tim.o
 .debug_info    0x000065a2      0x97f build/usart.o
 .debug_info    0x00006f21      0x120 build/stm32f4xx_it.o
 .debug_info    0x00007041      0x269 build/stm32f4xx_hal_msp.o
 .debug_info    0x000072aa      0x52b build/system_stm32f4xx.o
 .debug_info    0x000077d5      0x9e6 build/stm32f4xx_hal.o
 .debug_info    0x000081bb      0xff9 build/stm32f4xx_hal_cortex.o
 .debug_info    0x000091b4      0xa85 build/stm32f4xx_hal_rcc.o
 .debug_info    0x00009c39      0x708 build/stm32f4xx_hal_gpio.o
 .debug_info    0x0000a341      0xe9a build/stm32f4xx_hal_adc.o
 .debug_info    0x0000b1db     0x3809 build/stm32f4xx_hal_i2c.o
 .debug_info    0x0000e9e4     0x3c57 build/stm32f4xx_hal_tim.o
 .debug_info    0x0001263b     0x1ae2 build/stm32f4xx_hal_tim_ex.o
 .debug_info    0x0001411d     0x401c build/stm32f4xx_hal_uart.o
 .debug_info    0x00018139       0x30 build/startup_stm32f407xx.o

.debug_abbrev   0x00000000     0x34c8
 .debug_abbrev  0x00000000      0x174 build/app_main.o
 .debug_abbrev  0x00000174      0x24d build/bsp_ui_inputs.o
 .debug_abbrev  0x000003c1      0x20d build/ui_menu.o
 .debug_abbrev  0x000005ce      0x1b3 build/bsp_encoder.o
 .debug_abbrev  0x00000781      0x1d0 build/bsp_i2c.o
 .debug_abbrev  0x00000951      0x216 build/bsp_uart.o
 .debug_abbrev  0x00000b67      0x251 build/ui_lcd_pcf8574.o
 .debug_abbrev  0x00000db8       0xb4 build/sysmem.o
 .debug_abbrev  0x00000e6c      0x1f1 build/main.o
 .debug_abbrev  0x0000105d      0x166 build/gpio.o
 .debug_abbrev  0x000011c3      0x213 build/adc.o
 .debug_abbrev  0x000013d6      0x211 build/i2c.o
 .debug_abbrev  0x000015e7      0x241 build/tim.o
 .debug_abbrev  0x00001828      0x219 build/usart.o
 .debug_abbrev  0x00001a41       0x7e build/stm32f4xx_it.o
 .debug_abbrev  0x00001abf       0xd8 build/stm32f4xx_hal_msp.o
 .debug_abbrev  0x00001b97      0x120 build/system_stm32f4xx.o
 .debug_abbrev  0x00001cb7      0x242 build/stm32f4xx_hal.o
 .debug_abbrev  0x00001ef9      0x393 build/stm32f4xx_hal_cortex.o
 .debug_abbrev  0x0000228c      0x2c9 build/stm32f4xx_hal_rcc.o
 .debug_abbrev  0x00002555      0x204 build/stm32f4xx_hal_gpio.o
 .debug_abbrev  0x00002759      0x27a build/stm32f4xx_hal_adc.o
 .debug_abbrev  0x000029d3      0x2c5 build/stm32f4xx_hal_i2c.o
 .debug_abbrev  0x00002c98      0x273 build/stm32f4xx_hal_tim.o
 .debug_abbrev  0x00002f0b      0x271 build/stm32f4xx_hal_tim_ex.o
 .debug_abbrev  0x0000317c      0x328 build/stm32f4xx_hal_uart.o
 .debug_abbrev  0x000034a4       0x24 build/startup_stm32f407xx.o

.debug_loclists
                0x00000000     0xcad7
 .debug_loclists
                0x00000000       0x52 build/app_main.o
 .debug_loclists
                0x00000052      0x15f build/bsp_ui_inputs.o
 .debug_loclists
                0x000001b1      0x1dc build/ui_menu.o
 .debug_loclists
                0x0000038d       0x40 build/bsp_encoder.o
 .debug_loclists
                0x000003cd       0x6a build/bsp_i2c.o
 .debug_loclists
                0x00000437       0x32 build/bsp_uart.o
 .debug_loclists
                0x00000469      0x31d build/ui_lcd_pcf8574.o
 .debug_loclists
                0x00000786       0x42 build/sysmem.o
 .debug_loclists
                0x000007c8       0x74 build/adc.o
 .debug_loclists
                0x0000083c       0x5d build/i2c.o
 .debug_loclists
                0x00000899       0xa5 build/tim.o
 .debug_loclists
                0x0000093e       0x74 build/usart.o
 .debug_loclists
                0x000009b2       0x70 build/system_stm32f4xx.o
 .debug_loclists
                0x00000a22       0xe1 build/stm32f4xx_hal.o
 .debug_loclists
                0x00000b03      0x54d build/stm32f4xx_hal_cortex.o
 .debug_loclists
                0x00001050      0x3db build/stm32f4xx_hal_rcc.o
 .debug_loclists
                0x0000142b      0x386 build/stm32f4xx_hal_gpio.o
 .debug_loclists
                0x000017b1      0x915 build/stm32f4xx_hal_adc.o
 .debug_loclists
                0x000020c6     0x3174 build/stm32f4xx_hal_i2c.o
 .debug_loclists
                0x0000523a     0x37c1 build/stm32f4xx_hal_tim.o
 .debug_loclists
                0x000089fb     0x1402 build/stm32f4xx_hal_tim_ex.o
 .debug_loclists
                0x00009dfd     0x2cda build/stm32f4xx_hal_uart.o

.debug_aranges  0x00000000     0x1178
 .debug_aranges
                0x00000000       0x30 build/app_main.o
 .debug_aranges
                0x00000030       0x50 build/bsp_ui_inputs.o
 .debug_aranges
                0x00000080       0x50 build/ui_menu.o
 .debug_aranges
                0x000000d0       0x28 build/bsp_encoder.o
 .debug_aranges
                0x000000f8       0x28 build/bsp_i2c.o
 .debug_aranges
                0x00000120       0x30 build/bsp_uart.o
 .debug_aranges
                0x00000150       0x78 build/ui_lcd_pcf8574.o
 .debug_aranges
                0x000001c8       0x20 build/sysmem.o
 .debug_aranges
                0x000001e8       0x30 build/main.o
 .debug_aranges
                0x00000218       0x20 build/gpio.o
 .debug_aranges
                0x00000238       0x30 build/adc.o
 .debug_aranges
                0x00000268       0x30 build/i2c.o
 .debug_aranges
                0x00000298       0x48 build/tim.o
 .debug_aranges
                0x000002e0       0x30 build/usart.o
 .debug_aranges
                0x00000310       0x60 build/stm32f4xx_it.o
 .debug_aranges
                0x00000370       0x20 build/stm32f4xx_hal_msp.o
 .debug_aranges
                0x00000390       0x28 build/system_stm32f4xx.o
 .debug_aranges
                0x000003b8       0xf0 build/stm32f4xx_hal.o
 .debug_aranges
                0x000004a8       0xf8 build/stm32f4xx_hal_cortex.o
 .debug_aranges
                0x000005a0       0x88 build/stm32f4xx_hal_rcc.o
 .debug_aranges
                0x00000628       0x58 build/stm32f4xx_hal_gpio.o
 .debug_aranges
                0x00000680       0xe8 build/stm32f4xx_hal_adc.o
 .debug_aranges
                0x00000768      0x2a8 build/stm32f4xx_hal_i2c.o
 .debug_aranges
                0x00000a10      0x3d0 build/stm32f4xx_hal_tim.o
 .debug_aranges
                0x00000de0      0x168 build/stm32f4xx_hal_tim_ex.o
 .debug_aranges
                0x00000f48      0x208 build/stm32f4xx_hal_uart.o
 .debug_aranges
                0x00001150       0x28 build/startup_stm32f407xx.o

.debug_rnglists
                0x00000000      0xd53
 .debug_rnglists
                0x00000000       0x1f build/app_main.o
 .debug_rnglists
                0x0000001f       0x39 build/bsp_ui_inputs.o
 .debug_rnglists
                0x00000058       0x39 build/ui_menu.o
 .debug_rnglists
                0x00000091       0x19 build/bsp_encoder.o
 .debug_rnglists
                0x000000aa       0x25 build/bsp_i2c.o
 .debug_rnglists
                0x000000cf       0x1f build/bsp_uart.o
 .debug_rnglists
                0x000000ee       0x55 build/ui_lcd_pcf8574.o
 .debug_rnglists
                0x00000143       0x13 build/sysmem.o
 .debug_rnglists
                0x00000156       0x20 build/main.o
 .debug_rnglists
                0x00000176       0x14 build/gpio.o
 .debug_rnglists
                0x0000018a       0x1f build/adc.o
 .debug_rnglists
                0x000001a9       0x1f build/i2c.o
 .debug_rnglists
                0x000001c8       0x33 build/tim.o
 .debug_rnglists
                0x000001fb       0x1f build/usart.o
 .debug_rnglists
                0x0000021a       0x43 build/stm32f4xx_it.o
 .debug_rnglists
                0x0000025d       0x13 build/stm32f4xx_hal_msp.o
 .debug_rnglists
                0x00000270       0x1a build/system_stm32f4xx.o
 .debug_rnglists
                0x0000028a       0xaf build/stm32f4xx_hal.o
 .debug_rnglists
                0x00000339       0xb5 build/stm32f4xx_hal_cortex.o
 .debug_rnglists
                0x000003ee       0x75 build/stm32f4xx_hal_rcc.o
 .debug_rnglists
                0x00000463       0x3f build/stm32f4xx_hal_gpio.o
 .debug_rnglists
                0x000004a2       0xb0 build/stm32f4xx_hal_adc.o
 .debug_rnglists
                0x00000552      0x236 build/stm32f4xx_hal_i2c.o
 .debug_rnglists
                0x00000788      0x302 build/stm32f4xx_hal_tim.o
 .debug_rnglists
                0x00000a8a      0x11b build/stm32f4xx_hal_tim_ex.o
 .debug_rnglists
                0x00000ba5      0x195 build/stm32f4xx_hal_uart.o
 .debug_rnglists
                0x00000d3a       0x19 build/startup_stm32f407xx.o

.debug_macro    0x00000000    0x245c3
 .debug_macro   0x00000000      0x30b build/app_main.o
 .debug_macro   0x0000030b      0xad8 build/app_main.o
 .debug_macro   0x00000de3       0x22 build/app_main.o
 .debug_macro   0x00000e05       0x56 build/app_main.o
 .debug_macro   0x00000e5b       0x51 build/app_main.o
 .debug_macro   0x00000eac      0x103 build/app_main.o
 .debug_macro   0x00000faf       0x6a build/app_main.o
 .debug_macro   0x00001019      0x1df build/app_main.o
 .debug_macro   0x000011f8       0x74 build/app_main.o
 .debug_macro   0x0000126c       0x2a build/app_main.o
 .debug_macro   0x00001296       0x3c build/app_main.o
 .debug_macro   0x000012d2       0x34 build/app_main.o
 .debug_macro   0x00001306       0x16 build/app_main.o
 .debug_macro   0x0000131c       0x9e build/app_main.o
 .debug_macro   0x000013ba      0x364 build/app_main.o
 .debug_macro   0x0000171e      0x112 build/app_main.o
 .debug_macro   0x00001830       0x10 build/app_main.o
 .debug_macro   0x00001840       0x16 build/app_main.o
 .debug_macro   0x00001856       0x4a build/app_main.o
 .debug_macro   0x000018a0       0x34 build/app_main.o
 .debug_macro   0x000018d4       0x10 build/app_main.o
 .debug_macro   0x000018e4       0x58 build/app_main.o
 .debug_macro   0x0000193c      0x1de build/app_main.o
 .debug_macro   0x00001b1a       0x16 build/app_main.o
 .debug_macro   0x00001b30       0x16 build/app_main.o
 .debug_macro   0x00001b46      0x12a build/app_main.o
 .debug_macro   0x00001c70       0x1c build/app_main.o
 .debug_macro   0x00001c8c      0x2a7 build/app_main.o
 .debug_macro   0x00001f33       0x2e build/app_main.o
 .debug_macro   0x00001f61       0x2f build/app_main.o
 .debug_macro   0x00001f90       0x1c build/app_main.o
 .debug_macro   0x00001fac       0x22 build/app_main.o
 .debug_macro   0x00001fce       0xfb build/app_main.o
 .debug_macro   0x000020c9     0x1011 build/app_main.o
 .debug_macro   0x000030da      0x11f build/app_main.o
 .debug_macro   0x000031f9    0x15ea5 build/app_main.o
 .debug_macro   0x0001909e       0x6d build/app_main.o
 .debug_macro   0x0001910b     0x3693 build/app_main.o
 .debug_macro   0x0001c79e       0x56 build/app_main.o
 .debug_macro   0x0001c7f4      0x980 build/app_main.o
 .debug_macro   0x0001d174      0x9e9 build/app_main.o
 .debug_macro   0x0001db5d      0x115 build/app_main.o
 .debug_macro   0x0001dc72      0x13e build/app_main.o
 .debug_macro   0x0001ddb0       0xa5 build/app_main.o
 .debug_macro   0x0001de55      0x174 build/app_main.o
 .debug_macro   0x0001dfc9      0x287 build/app_main.o
 .debug_macro   0x0001e250       0x5f build/app_main.o
 .debug_macro   0x0001e2af      0x236 build/app_main.o
 .debug_macro   0x0001e4e5      0xb5b build/app_main.o
 .debug_macro   0x0001f040      0x38b build/app_main.o
 .debug_macro   0x0001f3cb      0x176 build/app_main.o
 .debug_macro   0x0001f541       0xf9 build/app_main.o
 .debug_macro   0x0001f63a      0x12c build/app_main.o
 .debug_macro   0x0001f766      0x21e build/app_main.o
 .debug_macro   0x0001f984       0x2e build/app_main.o
 .debug_macro   0x0001f9b2      0x1b5 build/app_main.o
 .debug_macro   0x0001fb67       0xd6 build/app_main.o
 .debug_macro   0x0001fc3d      0x127 build/app_main.o
 .debug_macro   0x0001fd64       0x7e build/app_main.o
 .debug_macro   0x0001fde2       0x89 build/app_main.o
 .debug_macro   0x0001fe6b      0x8ed build/app_main.o
 .debug_macro   0x00020758       0x4d build/app_main.o
 .debug_macro   0x000207a5      0x2aa build/app_main.o
 .debug_macro   0x00020a4f      0x12d build/app_main.o
 .debug_macro   0x00020b7c       0xa0 build/app_main.o
 .debug_macro   0x00020c1c      0x2d8 build/bsp_ui_inputs.o
 .debug_macro   0x00020ef4      0x190 build/bsp_ui_inputs.o
 .debug_macro   0x00021084       0x10 build/bsp_ui_inputs.o
 .debug_macro   0x00021094       0x3c build/bsp_ui_inputs.o
 .debug_macro   0x000210d0       0x20 build/bsp_ui_inputs.o
 .debug_macro   0x000210f0      0x15f build/ui_menu.o
 .debug_macro   0x0002124f       0x16 build/ui_menu.o
 .debug_macro   0x00021265      0x223 build/bsp_encoder.o
 .debug_macro   0x00021488       0x5c build/bsp_encoder.o
 .debug_macro   0x000214e4      0x22b build/bsp_i2c.o
 .debug_macro   0x0002170f      0x300 build/bsp_uart.o
 .debug_macro   0x00021a0f       0x58 build/bsp_uart.o
 .debug_macro   0x00021a67       0x6e build/bsp_uart.o
 .debug_macro   0x00021ad5       0x5c build/bsp_uart.o
 .debug_macro   0x00021b31       0x57 build/bsp_uart.o
 .debug_macro   0x00021b88      0x2e6 build/ui_lcd_pcf8574.o
 .debug_macro   0x00021e6e       0x6c build/sysmem.o
 .debug_macro   0x00021eda      0x259 build/main.o
 .debug_macro   0x00022133      0x229 build/gpio.o
 .debug_macro   0x0002235c      0x229 build/adc.o
 .debug_macro   0x00022585      0x229 build/i2c.o
 .debug_macro   0x000227ae      0x229 build/tim.o
 .debug_macro   0x000229d7      0x229 build/usart.o
 .debug_macro   0x00022c00      0x229 build/stm32f4xx_it.o
 .debug_macro   0x00022e29      0x21f build/stm32f4xx_hal_msp.o
 .debug_macro   0x00023048      0x210 build/system_stm32f4xx.o
 .debug_macro   0x00023258      0x270 build/stm32f4xx_hal.o
 .debug_macro   0x000234c8      0x210 build/stm32f4xx_hal_cortex.o
 .debug_macro   0x000236d8      0x234 build/stm32f4xx_hal_rcc.o
 .debug_macro   0x0002390c      0x216 build/stm32f4xx_hal_gpio.o
 .debug_macro   0x00023b22      0x211 build/stm32f4xx_hal_adc.o
 .debug_macro   0x00023d33      0x25e build/stm32f4xx_hal_i2c.o
 .debug_macro   0x00023f91      0x211 build/stm32f4xx_hal_tim.o
 .debug_macro   0x000241a2      0x210 build/stm32f4xx_hal_tim_ex.o
 .debug_macro   0x000243b2      0x211 build/stm32f4xx_hal_uart.o

.debug_line     0x00000000    0x1aa47
 .debug_line    0x00000000      0x760 build/app_main.o
 .debug_line    0x00000760      0x8c7 build/bsp_ui_inputs.o
 .debug_line    0x00001027      0x544 build/ui_menu.o
 .debug_line    0x0000156b      0x5e6 build/bsp_encoder.o
 .debug_line    0x00001b51      0x61e build/bsp_i2c.o
 .debug_line    0x0000216f      0x6bf build/bsp_uart.o
 .debug_line    0x0000282e      0x859 build/ui_lcd_pcf8574.o
 .debug_line    0x00003087      0x237 build/sysmem.o
 .debug_line    0x000032be      0x6e7 build/main.o
 .debug_line    0x000039a5      0x67a build/gpio.o
 .debug_line    0x0000401f      0x6c0 build/adc.o
 .debug_line    0x000046df      0x685 build/i2c.o
 .debug_line    0x00004d64      0x942 build/tim.o
 .debug_line    0x000056a6      0x683 build/usart.o
 .debug_line    0x00005d29      0x661 build/stm32f4xx_it.o
 .debug_line    0x0000638a      0x5a6 build/stm32f4xx_hal_msp.o
 .debug_line    0x00006930      0x659 build/system_stm32f4xx.o
 .debug_line    0x00006f89      0x906 build/stm32f4xx_hal.o
 .debug_line    0x0000788f      0xc07 build/stm32f4xx_hal_cortex.o
 .debug_line    0x00008496      0xf54 build/stm32f4xx_hal_rcc.o
 .debug_line    0x000093ea      0xae1 build/stm32f4xx_hal_gpio.o
 .debug_line    0x00009ecb     0x1401 build/stm32f4xx_hal_adc.o
 .debug_line    0x0000b2cc     0x575f build/stm32f4xx_hal_i2c.o
 .debug_line    0x00010a2b     0x4a5b build/stm32f4xx_hal_tim.o
 .debug_line    0x00015486     0x1db3 build/stm32f4xx_hal_tim_ex.o
 .debug_line    0x00017239     0x3794 build/stm32f4xx_hal_uart.o
 .debug_line    0x0001a9cd       0x7a build/startup_stm32f407xx.o

.debug_str      0x00000000    0xd9e0a
 .debug_str     0x00000000    0xd9e0a build/app_main.o
                              0xd4fb3 (size before relaxing)
 .debug_str     0x000d9e0a    0xd4d3b build/bsp_ui_inputs.o
 .debug_str     0x000d9e0a     0x7326 build/ui_menu.o
 .debug_str     0x000d9e0a    0xd242d build/bsp_encoder.o
 .debug_str     0x000d9e0a    0xd23e6 build/bsp_i2c.o
 .debug_str     0x000d9e0a    0xd54a5 build/bsp_uart.o
 .debug_str     0x000d9e0a    0xd4ff8 build/ui_lcd_pcf8574.o
 .debug_str     0x000d9e0a     0x406f build/sysmem.o
 .debug_str     0x000d9e0a    0xd21ca build/main.o
 .debug_str     0x000d9e0a    0xd2033 build/gpio.o
 .debug_str     0x000d9e0a    0xd2493 build/adc.o
 .debug_str     0x000d9e0a    0xd2550 build/i2c.o
 .debug_str     0x000d9e0a    0xd28e1 build/tim.o
 .debug_str     0x000d9e0a    0xd24de build/usart.o
 .debug_str     0x000d9e0a    0xd1edc build/stm32f4xx_it.o
 .debug_str     0x000d9e0a    0xd1f56 build/stm32f4xx_hal_msp.o
 .debug_str     0x000d9e0a    0xd1d84 build/system_stm32f4xx.o
 .debug_str     0x000d9e0a    0xd290d build/stm32f4xx_hal.o
 .debug_str     0x000d9e0a    0xd2689 build/stm32f4xx_hal_cortex.o
 .debug_str     0x000d9e0a    0xd21ce build/stm32f4xx_hal_rcc.o
 .debug_str     0x000d9e0a    0xd1f04 build/stm32f4xx_hal_gpio.o
 .debug_str     0x000d9e0a    0xd2376 build/stm32f4xx_hal_adc.o
 .debug_str     0x000d9e0a    0xd2da7 build/stm32f4xx_hal_i2c.o
 .debug_str     0x000d9e0a    0xd3113 build/stm32f4xx_hal_tim.o
 .debug_str     0x000d9e0a    0xd291f build/stm32f4xx_hal_tim_ex.o
 .debug_str     0x000d9e0a    0xd27af build/stm32f4xx_hal_uart.o
 .debug_str     0x000d9e0a       0x9f build/startup_stm32f407xx.o

.debug_frame    0x00000000     0x35d8
 .debug_frame   0x00000000       0x64 build/app_main.o
 .debug_frame   0x00000064       0xc0 build/bsp_ui_inputs.o
 .debug_frame   0x00000124       0xcc build/ui_menu.o
 .debug_frame   0x000001f0       0x38 build/bsp_encoder.o
 .debug_frame   0x00000228       0x44 build/bsp_i2c.o
 .debug_frame   0x0000026c       0x6c build/bsp_uart.o
 .debug_frame   0x000002d8      0x168 build/ui_lcd_pcf8574.o
 .debug_frame   0x00000440       0x20 build/sysmem.o
 .debug_frame   0x00000460       0x5c build/main.o
 .debug_frame   0x000004bc       0x3c build/gpio.o
 .debug_frame   0x000004f8       0x68 build/adc.o
 .debug_frame   0x00000560       0x64 build/i2c.o
 .debug_frame   0x000005c4       0xc4 build/tim.o
 .debug_frame   0x00000688       0x60 build/usart.o
 .debug_frame   0x000006e8       0xa8 build/stm32f4xx_it.o
 .debug_frame   0x00000790       0x28 build/stm32f4xx_hal_msp.o
 .debug_frame   0x000007b8       0x30 build/system_stm32f4xx.o
 .debug_frame   0x000007e8      0x1ec build/stm32f4xx_hal.o
 .debug_frame   0x000009d4      0x214 build/stm32f4xx_hal_cortex.o
 .debug_frame   0x00000be8      0x16c build/stm32f4xx_hal_rcc.o
 .debug_frame   0x00000d54       0xd8 build/stm32f4xx_hal_gpio.o
 .debug_frame   0x00000e2c      0x264 build/stm32f4xx_hal_adc.o
 .debug_frame   0x00001090      0x984 build/stm32f4xx_hal_i2c.o
 .debug_frame   0x00001a14      0xb04 build/stm32f4xx_hal_tim.o
 .debug_frame   0x00002518      0x40c build/stm32f4xx_hal_tim_ex.o
 .debug_frame   0x00002924      0x5e0 build/stm32f4xx_hal_uart.o
 .debug_frame   0x00002f04      0x144 /home/alpri/st/stm32cubeclt_1.21.0/GNU-tools-for-STM32/bin/../lib/gcc/arm-none-eabi/14.3.1/../../../../arm-none-eabi/lib/thumb/v7e-m+fp/hard/libc_nano.a(libc_a-findfp.o)
 .debug_frame   0x00003048       0x7c /home/alpri/st/stm32cubeclt_1.21.0/GNU-tools-for-STM32/bin/../lib/gcc/arm-none-eabi/14.3.1/../../../../arm-none-eabi/lib/thumb/v7e-m+fp/hard/libc_nano.a(libc_a-snprintf.o)
 .debug_frame   0x000030c4       0x4c /home/alpri/st/stm32cubeclt_1.21.0/GNU-tools-for-STM32/bin/../lib/gcc/arm-none-eabi/14.3.1/../../../../arm-none-eabi/lib/thumb/v7e-m+fp/hard/libc_nano.a(libc_a-vsnprintf.o)
 .debug_frame   0x00003110       0x28 /home/alpri/st/stm32cubeclt_1.21.0/GNU-tools-for-STM32/bin/../lib/gcc/arm-none-eabi/14.3.1/../../../../arm-none-eabi/lib/thumb/v7e-m+fp/hard/libc_nano.a(libc_a-memcmp.o)
 .debug_frame   0x00003138       0x20 /home/alpri/st/stm32cubeclt_1.21.0/GNU-tools-for-STM32/bin/../lib/gcc/arm-none-eabi/14.3.1/../../../../arm-none-eabi/lib/thumb/v7e-m+fp/hard/libc_nano.a(libc_a-memset.o)
 .debug_frame   0x00003158       0x38 /home/alpri/st/stm32cubeclt_1.21.0/GNU-tools-for-STM32/bin/../lib/gcc/arm-none-eabi/14.3.1/../../../../arm-none-eabi/lib/thumb/v7e-m+fp/hard/libc_nano.a(libc_a-reent.o)
 .debug_frame   0x00003190       0x2c /home/alpri/st/stm32cubeclt_1.21.0/GNU-tools-for-STM32/bin/../lib/gcc/arm-none-eabi/14.3.1/../../../../arm-none-eabi/lib/thumb/v7e-m+fp/hard/libc_nano.a(libc_a-init.o)
 .debug_frame   0x000031bc       0xb0 /home/alpri/st/stm32cubeclt_1.21.0/GNU-tools-for-STM32/bin/../lib/gcc/arm-none-eabi/14.3.1/../../../../arm-none-eabi/lib/thumb/v7e-m+fp/hard/libc_nano.a(libc_a-lock.o)
 .debug_frame   0x0000326c       0x20 /home/alpri/st/stm32cubeclt_1.21.0/GNU-tools-for-STM32/bin/../lib/gcc/arm-none-eabi/14.3.1/../../../../arm-none-eabi/lib/thumb/v7e-m+fp/hard/libc_nano.a(libc_a-strlen.o)
 .debug_frame   0x0000328c       0x38 /home/alpri/st/stm32cubeclt_1.21.0/GNU-tools-for-STM32/bin/../lib/gcc/arm-none-eabi/14.3.1/../../../../arm-none-eabi/lib/thumb/v7e-m+fp/hard/libc_nano.a(libc_a-freer.o)
 .debug_frame   0x000032c4       0x50 /home/alpri/st/stm32cubeclt_1.21.0/GNU-tools-for-STM32/bin/../lib/gcc/arm-none-eabi/14.3.1/../../../../arm-none-eabi/lib/thumb/v7e-m+fp/hard/libc_nano.a(libc_a-mallocr.o)
 .debug_frame   0x00003314       0x30 /home/alpri/st/stm32cubeclt_1.21.0/GNU-tools-for-STM32/bin/../lib/gcc/arm-none-eabi/14.3.1/../../../../arm-none-eabi/lib/thumb/v7e-m+fp/hard/libc_nano.a(libc_a-mlock.o)
 .debug_frame   0x00003344       0x90 /home/alpri/st/stm32cubeclt_1.21.0/GNU-tools-for-STM32/bin/../lib/gcc/arm-none-eabi/14.3.1/../../../../arm-none-eabi/lib/thumb/v7e-m+fp/hard/libc_nano.a(libc_a-nano-svfprintf.o)
 .debug_frame   0x000033d4       0x60 /home/alpri/st/stm32cubeclt_1.21.0/GNU-tools-for-STM32/bin/../lib/gcc/arm-none-eabi/14.3.1/../../../../arm-none-eabi/lib/thumb/v7e-m+fp/hard/libc_nano.a(libc_a-nano-vfprintf_i.o)
 .debug_frame   0x00003434       0x28 /home/alpri/st/stm32cubeclt_1.21.0/GNU-tools-for-STM32/bin/../lib/gcc/arm-none-eabi/14.3.1/../../../../arm-none-eabi/lib/thumb/v7e-m+fp/hard/libc_nano.a(libc_a-memmove.o)
 .debug_frame   0x0000345c       0x2c /home/alpri/st/stm32cubeclt_1.21.0/GNU-tools-for-STM32/bin/../lib/gcc/arm-none-eabi/14.3.1/../../../../arm-none-eabi/lib/thumb/v7e-m+fp/hard/libc_nano.a(libc_a-sbrkr.o)
 .debug_frame   0x00003488       0x4c /home/alpri/st/stm32cubeclt_1.21.0/GNU-tools-for-STM32/bin/../lib/gcc/arm-none-eabi/14.3.1/../../../../arm-none-eabi/lib/thumb/v7e-m+fp/hard/libc_nano.a(libc_a-memchr.o)
 .debug_frame   0x000034d4       0x28 /home/alpri/st/stm32cubeclt_1.21.0/GNU-tools-for-STM32/bin/../lib/gcc/arm-none-eabi/14.3.1/../../../../arm-none-eabi/lib/thumb/v7e-m+fp/hard/libc_nano.a(libc_a-memcpy-stub.o)
 .debug_frame   0x000034fc       0x3c /home/alpri/st/stm32cubeclt_1.21.0/GNU-tools-for-STM32/bin/../lib/gcc/arm-none-eabi/14.3.1/../../../../arm-none-eabi/lib/thumb/v7e-m+fp/hard/libc_nano.a(libc_a-reallocr.o)
 .debug_frame   0x00003538       0x20 /home/alpri/st/stm32cubeclt_1.21.0/GNU-tools-for-STM32/bin/../lib/gcc/arm-none-eabi/14.3.1/../../../../arm-none-eabi/lib/thumb/v7e-m+fp/hard/libc_nano.a(libc_a-msizer.o)
 .debug_frame   0x00003558       0x2c /home/alpri/st/stm32cubeclt_1.21.0/GNU-tools-for-STM32/bin/../lib/gcc/arm-none-eabi/14.3.1/thumb/v7e-m+fp/hard/libgcc.a(_aeabi_uldivmod.o)
 .debug_frame   0x00003584       0x20 /home/alpri/st/stm32cubeclt_1.21.0/GNU-tools-for-STM32/bin/../lib/gcc/arm-none-eabi/14.3.1/thumb/v7e-m+fp/hard/libgcc.a(_popcountsi2.o)
 .debug_frame   0x000035a4       0x34 /home/alpri/st/stm32cubeclt_1.21.0/GNU-tools-for-STM32/bin/../lib/gcc/arm-none-eabi/14.3.1/thumb/v7e-m+fp/hard/libgcc.a(_udivmoddi4.o)

.debug_line_str
                0x00000000       0x83
 .debug_line_str
                0x00000000       0x83 build/startup_stm32f407xx.o
